This is pdfTeX, Version 3.141592653-2.6-1.40.25 (TeX Live 2023) (preloaded format=pdflatex 2023.3.30)  13 MAY 2025 17:44
entering extended mode
 restricted \write18 enabled.
 file:line:error style messages enabled.
 %&-line parsing enabled.
**VFPKS_derivation.tex
(./VFPKS_derivation.tex
LaTeX2e <2022-11-01> patch level 1
L3 programming layer <2023-02-22>
(/usr/local/texlive/2023/texmf-dist/tex/latex/base/article.cls
Document Class: article 2022/07/02 v1.4n Standard LaTeX document class
(/usr/local/texlive/2023/texmf-dist/tex/latex/base/size10.clo
File: size10.clo 2022/07/02 v1.4n Standard LaTeX file (size option)
)
\c@part=\count185
\c@section=\count186
\c@subsection=\count187
\c@subsubsection=\count188
\c@paragraph=\count189
\c@subparagraph=\count190
\c@figure=\count191
\c@table=\count192
\abovecaptionskip=\skip48
\belowcaptionskip=\skip49
\bibindent=\dimen140
)
(/usr/local/texlive/2023/texmf-dist/tex/latex/lineno/lineno.sty
Package: lineno 2023/01/19 line numbers on paragraphs v5.1
\linenopenalty=\count193
\output=\toks16
\linenoprevgraf=\count194
\linenumbersep=\dimen141
\linenumberwidth=\dimen142
\c@linenumber=\count195
\c@pagewiselinenumber=\count196
\c@LN@truepage=\count197
\c@internallinenumber=\count198
\c@internallinenumbers=\count199
\quotelinenumbersep=\dimen143
\bframerule=\dimen144
\bframesep=\dimen145
\bframebox=\box51

(/usr/local/texlive/2023/texmf-dist/tex/latex/etoolbox/etoolbox.sty
Package: etoolbox 2020/10/05 v2.5k e-TeX tools for LaTeX (JAW)
\etb@tempcnta=\count266
)
LaTeX Info: Redefining \\ on input line 3131.
)
(/usr/local/texlive/2023/texmf-dist/tex/latex/amsmath/amsmath.sty
Package: amsmath 2022/04/08 v2.17n AMS math features
\@mathmargin=\skip50

For additional information on amsmath, use the `?' option.
(/usr/local/texlive/2023/texmf-dist/tex/latex/amsmath/amstext.sty
Package: amstext 2021/08/26 v2.01 AMS text

(/usr/local/texlive/2023/texmf-dist/tex/latex/amsmath/amsgen.sty
File: amsgen.sty 1999/11/30 v2.0 generic functions
\@emptytoks=\toks17
\ex@=\dimen146
))
(/usr/local/texlive/2023/texmf-dist/tex/latex/amsmath/amsbsy.sty
Package: amsbsy 1999/11/29 v1.2d Bold Symbols
\pmbraise@=\dimen147
)
(/usr/local/texlive/2023/texmf-dist/tex/latex/amsmath/amsopn.sty
Package: amsopn 2022/04/08 v2.04 operator names
)
\inf@bad=\count267
LaTeX Info: Redefining \frac on input line 234.
\uproot@=\count268
\leftroot@=\count269
LaTeX Info: Redefining \overline on input line 399.
LaTeX Info: Redefining \colon on input line 410.
\classnum@=\count270
\DOTSCASE@=\count271
LaTeX Info: Redefining \ldots on input line 496.
LaTeX Info: Redefining \dots on input line 499.
LaTeX Info: Redefining \cdots on input line 620.
\Mathstrutbox@=\box52
\strutbox@=\box53
LaTeX Info: Redefining \big on input line 722.
LaTeX Info: Redefining \Big on input line 723.
LaTeX Info: Redefining \bigg on input line 724.
LaTeX Info: Redefining \Bigg on input line 725.
\big@size=\dimen148
LaTeX Font Info:    Redeclaring font encoding OML on input line 743.
LaTeX Font Info:    Redeclaring font encoding OMS on input line 744.
\macc@depth=\count272
LaTeX Info: Redefining \bmod on input line 905.
LaTeX Info: Redefining \pmod on input line 910.
LaTeX Info: Redefining \smash on input line 940.
LaTeX Info: Redefining \relbar on input line 970.
LaTeX Info: Redefining \Relbar on input line 971.
\c@MaxMatrixCols=\count273
\dotsspace@=\muskip16
\c@parentequation=\count274
\dspbrk@lvl=\count275
\tag@help=\toks18
\row@=\count276
\column@=\count277
\maxfields@=\count278
\andhelp@=\toks19
\eqnshift@=\dimen149
\alignsep@=\dimen150
\tagshift@=\dimen151
\tagwidth@=\dimen152
\totwidth@=\dimen153
\lineht@=\dimen154
\@envbody=\toks20
\multlinegap=\skip51
\multlinetaggap=\skip52
\mathdisplay@stack=\toks21
LaTeX Info: Redefining \[ on input line 2953.
LaTeX Info: Redefining \] on input line 2954.
)
\linenoamsmath@ams@eqpen=\count279

(/usr/local/texlive/2023/texmf-dist/tex/latex/base/inputenc.sty
Package: inputenc 2021/02/14 v1.3d Input encoding file
\inpenc@prehook=\toks22
\inpenc@posthook=\toks23
)
(/usr/local/texlive/2023/texmf-dist/tex/latex/amsfonts/amssymb.sty
Package: amssymb 2013/01/14 v3.01 AMS font symbols

(/usr/local/texlive/2023/texmf-dist/tex/latex/amsfonts/amsfonts.sty
Package: amsfonts 2013/01/14 v3.01 Basic AMSFonts support
\symAMSa=\mathgroup4
\symAMSb=\mathgroup5
LaTeX Font Info:    Redeclaring math symbol \hbar on input line 98.
LaTeX Font Info:    Overwriting math alphabet `\mathfrak' in version `bold'
(Font)                  U/euf/m/n --> U/euf/b/n on input line 106.
))
(/usr/local/texlive/2023/texmf-dist/tex/latex/amscls/amsthm.sty
Package: amsthm 2020/05/29 v2.20.6
\thm@style=\toks24
\thm@bodyfont=\toks25
\thm@headfont=\toks26
\thm@notefont=\toks27
\thm@headpunct=\toks28
\thm@preskip=\skip53
\thm@postskip=\skip54
\thm@headsep=\skip55
\dth@everypar=\toks29
)
(/usr/local/texlive/2023/texmf-dist/tex/latex/amsmath/amscd.sty
Package: amscd 2017/04/14 v2.1 AMS Commutative Diagrams
\athelp@=\toks30
\minaw@=\dimen155
\bigaw@=\dimen156
\minCDarrowwidth=\dimen157
)
(/usr/local/texlive/2023/texmf-dist/tex/latex/graphics/color.sty
Package: color 2022/01/06 v1.3d Standard LaTeX Color (DPC)

(/usr/local/texlive/2023/texmf-dist/tex/latex/graphics-cfg/color.cfg
File: color.cfg 2016/01/02 v1.6 sample color configuration
)
Package color Info: Driver file: pdftex.def on input line 149.

(/usr/local/texlive/2023/texmf-dist/tex/latex/graphics-def/pdftex.def
File: pdftex.def 2022/09/22 v1.2b Graphics/color driver for pdftex
)
(/usr/local/texlive/2023/texmf-dist/tex/latex/graphics/mathcolor.ltx))
(/usr/local/texlive/2023/texmf-dist/tex/generic/ulem/ulem.sty
\UL@box=\box54
\UL@hyphenbox=\box55
\UL@skip=\skip56
\UL@hook=\toks31
\UL@height=\dimen158
\UL@pe=\count280
\UL@pixel=\dimen159
\ULC@box=\box56
Package: ulem 2019/11/18
\ULdepth=\dimen160
)
(/usr/local/texlive/2023/texmf-dist/tex/latex/graphics/graphicx.sty
Package: graphicx 2021/09/16 v1.2d Enhanced LaTeX Graphics (DPC,SPQR)

(/usr/local/texlive/2023/texmf-dist/tex/latex/graphics/keyval.sty
Package: keyval 2022/05/29 v1.15 key=value parser (DPC)
\KV@toks@=\toks32
)
(/usr/local/texlive/2023/texmf-dist/tex/latex/graphics/graphics.sty
Package: graphics 2022/03/10 v1.4e Standard LaTeX Graphics (DPC,SPQR)

(/usr/local/texlive/2023/texmf-dist/tex/latex/graphics/trig.sty
Package: trig 2021/08/11 v1.11 sin cos tan (DPC)
)
(/usr/local/texlive/2023/texmf-dist/tex/latex/graphics-cfg/graphics.cfg
File: graphics.cfg 2016/06/04 v1.11 sample graphics configuration
)
Package graphics Info: Driver file: pdftex.def on input line 107.
)
\Gin@req@height=\dimen161
\Gin@req@width=\dimen162
)
(/usr/local/texlive/2023/texmf-dist/tex/latex/float/float.sty
Package: float 2001/11/08 v1.3d Float enhancements (AL)
\c@float@type=\count281
\float@exts=\toks33
\float@box=\box57
\@float@everytoks=\toks34
\@floatcapt=\box58
)
(/usr/local/texlive/2023/texmf-dist/tex/latex/mathtools/mathtools.sty
Package: mathtools 2022/06/29 v1.29 mathematical typesetting tools

(/usr/local/texlive/2023/texmf-dist/tex/latex/tools/calc.sty
Package: calc 2017/05/25 v4.3 Infix arithmetic (KKT,FJ)
\calc@Acount=\count282
\calc@Bcount=\count283
\calc@Adimen=\dimen163
\calc@Bdimen=\dimen164
\calc@Askip=\skip57
\calc@Bskip=\skip58
LaTeX Info: Redefining \setlength on input line 80.
LaTeX Info: Redefining \addtolength on input line 81.
\calc@Ccount=\count284
\calc@Cskip=\skip59
)
(/usr/local/texlive/2023/texmf-dist/tex/latex/mathtools/mhsetup.sty
Package: mhsetup 2021/03/18 v1.4 programming setup (MH)
)
\g_MT_multlinerow_int=\count285
\l_MT_multwidth_dim=\dimen165
\origjot=\skip60
\l_MT_shortvdotswithinadjustabove_dim=\dimen166
\l_MT_shortvdotswithinadjustbelow_dim=\dimen167
\l_MT_above_intertext_sep=\dimen168
\l_MT_below_intertext_sep=\dimen169
\l_MT_above_shortintertext_sep=\dimen170
\l_MT_below_shortintertext_sep=\dimen171
\xmathstrut@box=\box59
\xmathstrut@dim=\dimen172
)
(/usr/local/texlive/2023/texmf-dist/tex/latex/geometry/geometry.sty
Package: geometry 2020/01/02 v5.9 Page Geometry

(/usr/local/texlive/2023/texmf-dist/tex/generic/iftex/ifvtex.sty
Package: ifvtex 2019/10/25 v1.7 ifvtex legacy package. Use iftex instead.

(/usr/local/texlive/2023/texmf-dist/tex/generic/iftex/iftex.sty
Package: iftex 2022/02/03 v1.0f TeX engine tests
))
\Gm@cnth=\count286
\Gm@cntv=\count287
\c@Gm@tempcnt=\count288
\Gm@bindingoffset=\dimen173
\Gm@wd@mp=\dimen174
\Gm@odd@mp=\dimen175
\Gm@even@mp=\dimen176
\Gm@layoutwidth=\dimen177
\Gm@layoutheight=\dimen178
\Gm@layouthoffset=\dimen179
\Gm@layoutvoffset=\dimen180
\Gm@dimlist=\toks35
)
\c@remark=\count289
\c@lemma=\count290
\c@assumption=\count291
\c@proposition=\count292
\c@defi=\count293
\c@theorem=\count294

(/usr/local/texlive/2023/texmf-dist/tex/latex/cancel/cancel.sty
Package: cancel 2013/04/12 v2.2 Cancel math terms
)
(/usr/local/texlive/2023/texmf-dist/tex/latex/l3backend/l3backend-pdftex.def
File: l3backend-pdftex.def 2023-01-16 L3 backend support: PDF output (pdfTeX)
\l__color_backend_stack_int=\count295
\l__pdf_internal_box=\box60
)
(./VFPKS_derivation.aux)
\openout1 = `VFPKS_derivation.aux'.

LaTeX Font Info:    Checking defaults for OML/cmm/m/it on input line 102.
LaTeX Font Info:    ... okay on input line 102.
LaTeX Font Info:    Checking defaults for OMS/cmsy/m/n on input line 102.
LaTeX Font Info:    ... okay on input line 102.
LaTeX Font Info:    Checking defaults for OT1/cmr/m/n on input line 102.
LaTeX Font Info:    ... okay on input line 102.
LaTeX Font Info:    Checking defaults for T1/cmr/m/n on input line 102.
LaTeX Font Info:    ... okay on input line 102.
LaTeX Font Info:    Checking defaults for TS1/cmr/m/n on input line 102.
LaTeX Font Info:    ... okay on input line 102.
LaTeX Font Info:    Checking defaults for OMX/cmex/m/n on input line 102.
LaTeX Font Info:    ... okay on input line 102.
LaTeX Font Info:    Checking defaults for U/cmr/m/n on input line 102.
LaTeX Font Info:    ... okay on input line 102.

(/usr/local/texlive/2023/texmf-dist/tex/context/base/mkii/supp-pdf.mkii
[Loading MPS to PDF converter (version 2006.09.02).]
\scratchcounter=\count296
\scratchdimen=\dimen181
\scratchbox=\box61
\nofMPsegments=\count297
\nofMParguments=\count298
\everyMPshowfont=\toks36
\MPscratchCnt=\count299
\MPscratchDim=\dimen182
\MPnumerator=\count300
\makeMPintoPDFobject=\count301
\everyMPtoPDFconversion=\toks37
) (/usr/local/texlive/2023/texmf-dist/tex/latex/epstopdf-pkg/epstopdf-base.sty
Package: epstopdf-base 2020-01-24 v2.11 Base part for package epstopdf
Package epstopdf-base Info: Redefining graphics rule for `.eps' on input line 4
85.

(/usr/local/texlive/2023/texmf-dist/tex/latex/latexconfig/epstopdf-sys.cfg
File: epstopdf-sys.cfg 2010/07/13 v1.3 Configuration of (r)epstopdf for TeX Liv
e
))
*geometry* detected driver: dvipdfm
*geometry* verbose mode - [ preamble ] result:
* driver: dvipdfm
* paper: a4paper
* layout: <same size as paper>
* layoutoffset:(h,v)=(0.0pt,0.0pt)
* modes: 
* h-part:(L,W,R)=(85.35826pt, 412.56497pt, 99.58464pt)
* v-part:(T,H,B)=(99.58464pt, 645.87756pt, 99.58464pt)
* \paperwidth=597.50787pt
* \paperheight=845.04684pt
* \textwidth=412.56497pt
* \textheight=645.87756pt
* \oddsidemargin=13.08827pt
* \evensidemargin=13.08827pt
* \topmargin=-9.68535pt
* \headheight=12.0pt
* \headsep=25.0pt
* \topskip=10.0pt
* \footskip=30.0pt
* \marginparwidth=65.0pt
* \marginparsep=11.0pt
* \columnsep=10.0pt
* \skip\footins=9.0pt plus 4.0pt minus 2.0pt
* \hoffset=0.0pt
* \voffset=0.0pt
* \mag=1000
* \@twocolumnfalse
* \@twosidefalse
* \@mparswitchfalse
* \@reversemarginfalse
* (1in=72.27pt=25.4mm, 1cm=28.453pt)

LaTeX Font Info:    Trying to load font information for U+msa on input line 104
.
(/usr/local/texlive/2023/texmf-dist/tex/latex/amsfonts/umsa.fd
File: umsa.fd 2013/01/14 v3.01 AMS symbols A
)
LaTeX Font Info:    Trying to load font information for U+msb on input line 104
.

(/usr/local/texlive/2023/texmf-dist/tex/latex/amsfonts/umsb.fd
File: umsb.fd 2013/01/14 v3.01 AMS symbols B
) [1
Non-PDF special ignored!
<special> papersize=597.50787pt,845.04684pt

{/usr/local/texlive/2023/texmf-var/fonts/map/pdftex/updmap/pdftex.map}{/usr/loc
al/texlive/2023/texmf-dist/fonts/enc/dvips/cm-super/cm-super-ts1.enc}] [2]
[3] [4] [5] [6] [7] [8] [9] [10] [11] [12] [13] [14]
Package epstopdf Info: Source file: <stab_test.eps>
(epstopdf)                    date: 2025-03-27 07:44:14
(epstopdf)                    size: 37869 bytes
(epstopdf)             Output file: <stab_test-eps-converted-to.pdf>
(epstopdf)                    date: 2025-05-13 17:44:22
(epstopdf)                    size: 9647 bytes
(epstopdf)             Command: <repstopdf --outfile=stab_test-eps-converted-to
.pdf stab_test.eps>
(epstopdf)             \includegraphics on input line 791.
Package epstopdf Info: Output file is already uptodate.
<stab_test-eps-converted-to.pdf, id=71, 562.1pt x 421.575pt>
File: stab_test-eps-converted-to.pdf Graphic file (type pdf)
<use stab_test-eps-converted-to.pdf>
Package pdftex.def Info: stab_test-eps-converted-to.pdf  used on input line 791
.
(pdftex.def)             Requested size: 168.6313pt x 126.47346pt.
Package epstopdf Info: Source file: <efficiency_test.eps>
(epstopdf)                    date: 2025-03-27 07:44:14
(epstopdf)                    size: 31114 bytes
(epstopdf)             Output file: <efficiency_test-eps-converted-to.pdf>
(epstopdf)                    date: 2025-05-13 17:44:22
(epstopdf)                    size: 16042 bytes
(epstopdf)             Command: <repstopdf --outfile=efficiency_test-eps-conver
ted-to.pdf efficiency_test.eps>
(epstopdf)             \includegraphics on input line 791.
Package epstopdf Info: Output file is already uptodate.
<efficiency_test-eps-converted-to.pdf, id=72, 562.1pt x 421.575pt>
File: efficiency_test-eps-converted-to.pdf Graphic file (type pdf)
<use efficiency_test-eps-converted-to.pdf>
Package pdftex.def Info: efficiency_test-eps-converted-to.pdf  used on input li
ne 791.
(pdftex.def)             Requested size: 168.6313pt x 126.47346pt.
Package epstopdf Info: Source file: <check_A_20_T_5.eps>
(epstopdf)                    date: 2025-03-27 07:44:14
(epstopdf)                    size: 89815 bytes
(epstopdf)             Output file: <check_A_20_T_5-eps-converted-to.pdf>
(epstopdf)                    date: 2025-05-13 17:44:23
(epstopdf)                    size: 49458 bytes
(epstopdf)             Command: <repstopdf --outfile=check_A_20_T_5-eps-convert
ed-to.pdf check_A_20_T_5.eps>
(epstopdf)             \includegraphics on input line 808.
Package epstopdf Info: Output file is already uptodate.
<check_A_20_T_5-eps-converted-to.pdf, id=73, 562.1pt x 421.575pt>
File: check_A_20_T_5-eps-converted-to.pdf Graphic file (type pdf)
<use check_A_20_T_5-eps-converted-to.pdf>
Package pdftex.def Info: check_A_20_T_5-eps-converted-to.pdf  used on input lin
e 808.
(pdftex.def)             Requested size: 168.6313pt x 126.47346pt.
Package epstopdf Info: Source file: <check_A_20_T_20.eps>
(epstopdf)                    date: 2025-03-27 07:44:14
(epstopdf)                    size: 89575 bytes
(epstopdf)             Output file: <check_A_20_T_20-eps-converted-to.pdf>
(epstopdf)                    date: 2025-05-13 17:44:23
(epstopdf)                    size: 49125 bytes
(epstopdf)             Command: <repstopdf --outfile=check_A_20_T_20-eps-conver
ted-to.pdf check_A_20_T_20.eps>
(epstopdf)             \includegraphics on input line 808.
Package epstopdf Info: Output file is already uptodate.
<check_A_20_T_20-eps-converted-to.pdf, id=74, 562.1pt x 421.575pt>
File: check_A_20_T_20-eps-converted-to.pdf Graphic file (type pdf)
<use check_A_20_T_20-eps-converted-to.pdf>
Package pdftex.def Info: check_A_20_T_20-eps-converted-to.pdf  used on input li
ne 808.
(pdftex.def)             Requested size: 168.6313pt x 126.47346pt.
Package epstopdf Info: Source file: <check_A_20_T_32.eps>
(epstopdf)                    date: 2025-03-27 07:44:12
(epstopdf)                    size: 90484 bytes
(epstopdf)             Output file: <check_A_20_T_32-eps-converted-to.pdf>
(epstopdf)                    date: 2025-05-13 17:44:23
(epstopdf)                    size: 49672 bytes
(epstopdf)             Command: <repstopdf --outfile=check_A_20_T_32-eps-conver
ted-to.pdf check_A_20_T_32.eps>
(epstopdf)             \includegraphics on input line 811.
Package epstopdf Info: Output file is already uptodate.
<check_A_20_T_32-eps-converted-to.pdf, id=75, 562.1pt x 421.575pt>
File: check_A_20_T_32-eps-converted-to.pdf Graphic file (type pdf)
<use check_A_20_T_32-eps-converted-to.pdf>
Package pdftex.def Info: check_A_20_T_32-eps-converted-to.pdf  used on input li
ne 811.
(pdftex.def)             Requested size: 168.6313pt x 126.47346pt.
Package epstopdf Info: Source file: <check_A_20_T_40.eps>
(epstopdf)                    date: 2025-03-27 07:44:12
(epstopdf)                    size: 88853 bytes
(epstopdf)             Output file: <check_A_20_T_40-eps-converted-to.pdf>
(epstopdf)                    date: 2025-05-13 17:44:23
(epstopdf)                    size: 48541 bytes
(epstopdf)             Command: <repstopdf --outfile=check_A_20_T_40-eps-conver
ted-to.pdf check_A_20_T_40.eps>
(epstopdf)             \includegraphics on input line 811.
Package epstopdf Info: Output file is already uptodate.
<check_A_20_T_40-eps-converted-to.pdf, id=76, 562.1pt x 421.575pt>
File: check_A_20_T_40-eps-converted-to.pdf Graphic file (type pdf)
<use check_A_20_T_40-eps-converted-to.pdf>
Package pdftex.def Info: check_A_20_T_40-eps-converted-to.pdf  used on input li
ne 811.
(pdftex.def)             Requested size: 168.6313pt x 126.47346pt.
 [15 <./stab_test-eps-converted-to.pdf> <./efficiency_test-eps-converted-to.pdf
>] [16 <./check_A_20_T_5-eps-converted-to.pdf> <./check_A_20_T_20-eps-converted
-to.pdf> <./check_A_20_T_32-eps-converted-to.pdf> <./check_A_20_T_40-eps-conver
ted-to.pdf>]
Package epstopdf Info: Source file: <energy_A_20_T_50_w_sol.eps>
(epstopdf)                    date: 2025-03-27 07:44:12
(epstopdf)                    size: 217665 bytes
(epstopdf)             Output file: <energy_A_20_T_50_w_sol-eps-converted-to.pd
f>
(epstopdf)                    date: 2025-05-13 17:44:23
(epstopdf)                    size: 123449 bytes
(epstopdf)             Command: <repstopdf --outfile=energy_A_20_T_50_w_sol-eps
-converted-to.pdf energy_A_20_T_50_w_sol.eps>
(epstopdf)             \includegraphics on input line 826.
Package epstopdf Info: Output file is already uptodate.
<energy_A_20_T_50_w_sol-eps-converted-to.pdf, id=107, 1428.33624pt x 547.04375p
t>
File: energy_A_20_T_50_w_sol-eps-converted-to.pdf Graphic file (type pdf)
<use energy_A_20_T_50_w_sol-eps-converted-to.pdf>
Package pdftex.def Info: energy_A_20_T_50_w_sol-eps-converted-to.pdf  used on i
nput line 826.
(pdftex.def)             Requested size: 428.50418pt x 164.11438pt.
Package epstopdf Info: Source file: <l2_relative_err_evolution_A_20_T_50.eps>
(epstopdf)                    date: 2025-03-27 07:44:14
(epstopdf)                    size: 128895 bytes
(epstopdf)             Output file: <l2_relative_err_evolution_A_20_T_50-eps-co
nverted-to.pdf>
(epstopdf)                    date: 2025-05-13 17:44:24
(epstopdf)                    size: 55331 bytes
(epstopdf)             Command: <repstopdf --outfile=l2_relative_err_evolution_
A_20_T_50-eps-converted-to.pdf l2_relative_err_evolution_A_20_T_50.eps>
(epstopdf)             \includegraphics on input line 835.
Package epstopdf Info: Output file is already uptodate.
<l2_relative_err_evolution_A_20_T_50-eps-converted-to.pdf, id=108, 562.1pt x 42
1.575pt>
File: l2_relative_err_evolution_A_20_T_50-eps-converted-to.pdf Graphic file (ty
pe pdf)
<use l2_relative_err_evolution_A_20_T_50-eps-converted-to.pdf>
Package pdftex.def Info: l2_relative_err_evolution_A_20_T_50-eps-converted-to.p
df  used on input line 835.
(pdftex.def)             Requested size: 168.6313pt x 126.47346pt.
Package epstopdf Info: Source file: <check_l2_relative_err_A_20.eps>
(epstopdf)                    date: 2025-03-27 07:44:12
(epstopdf)                    size: 121103 bytes
(epstopdf)             Output file: <check_l2_relative_err_A_20-eps-converted-t
o.pdf>
(epstopdf)                    date: 2025-05-13 17:44:24
(epstopdf)                    size: 61744 bytes
(epstopdf)             Command: <repstopdf --outfile=check_l2_relative_err_A_20
-eps-converted-to.pdf check_l2_relative_err_A_20.eps>
(epstopdf)             \includegraphics on input line 835.
Package epstopdf Info: Output file is already uptodate.
<check_l2_relative_err_A_20-eps-converted-to.pdf, id=109, 562.1pt x 421.575pt>
File: check_l2_relative_err_A_20-eps-converted-to.pdf Graphic file (type pdf)
<use check_l2_relative_err_A_20-eps-converted-to.pdf>
Package pdftex.def Info: check_l2_relative_err_A_20-eps-converted-to.pdf  used 
on input line 835.
(pdftex.def)             Requested size: 168.6313pt x 126.47346pt.
 [17 <./energy_A_20_T_50_w_sol-eps-converted-to.pdf> <./l2_relative_err_evoluti
on_A_20_T_50-eps-converted-to.pdf> <./check_l2_relative_err_A_20-eps-converted-
to.pdf>]
Package epstopdf Info: Source file: <compare_k_T_1.eps>
(epstopdf)                    date: 2025-03-27 07:44:14
(epstopdf)                    size: 87542 bytes
(epstopdf)             Output file: <compare_k_T_1-eps-converted-to.pdf>
(epstopdf)                    date: 2025-05-13 17:44:24
(epstopdf)                    size: 39896 bytes
(epstopdf)             Command: <repstopdf --outfile=compare_k_T_1-eps-converte
d-to.pdf compare_k_T_1.eps>
(epstopdf)             \includegraphics on input line 873.
Package epstopdf Info: Output file is already uptodate.
<compare_k_T_1-eps-converted-to.pdf, id=122, 562.1pt x 421.575pt>
File: compare_k_T_1-eps-converted-to.pdf Graphic file (type pdf)
<use compare_k_T_1-eps-converted-to.pdf>
Package pdftex.def Info: compare_k_T_1-eps-converted-to.pdf  used on input line
 873.
(pdftex.def)             Requested size: 168.6313pt x 126.47346pt.
Package epstopdf Info: Source file: <compare_k_T_20.eps>
(epstopdf)                    date: 2025-03-27 07:44:14
(epstopdf)                    size: 89295 bytes
(epstopdf)             Output file: <compare_k_T_20-eps-converted-to.pdf>
(epstopdf)                    date: 2025-05-13 17:44:24
(epstopdf)                    size: 41050 bytes
(epstopdf)             Command: <repstopdf --outfile=compare_k_T_20-eps-convert
ed-to.pdf compare_k_T_20.eps>
(epstopdf)             \includegraphics on input line 873.
Package epstopdf Info: Output file is already uptodate.
<compare_k_T_20-eps-converted-to.pdf, id=123, 562.1pt x 421.575pt>
File: compare_k_T_20-eps-converted-to.pdf Graphic file (type pdf)
<use compare_k_T_20-eps-converted-to.pdf>
Package pdftex.def Info: compare_k_T_20-eps-converted-to.pdf  used on input lin
e 873.
(pdftex.def)             Requested size: 168.6313pt x 126.47346pt.

[18 <./compare_k_T_1-eps-converted-to.pdf> <./compare_k_T_20-eps-converted-to.p
df>]
Package epstopdf Info: Source file: <sol2D_A_6_T_5.eps>
(epstopdf)                    date: 2025-03-27 07:44:14
(epstopdf)                    size: 79170 bytes
(epstopdf)             Output file: <sol2D_A_6_T_5-eps-converted-to.pdf>
(epstopdf)                    date: 2025-05-13 17:44:25
(epstopdf)                    size: 53208 bytes
(epstopdf)             Command: <repstopdf --outfile=sol2D_A_6_T_5-eps-converte
d-to.pdf sol2D_A_6_T_5.eps>
(epstopdf)             \includegraphics on input line 922.
Package epstopdf Info: Output file is already uptodate.
<sol2D_A_6_T_5-eps-converted-to.pdf, id=135, 562.1pt x 421.575pt>
File: sol2D_A_6_T_5-eps-converted-to.pdf Graphic file (type pdf)
<use sol2D_A_6_T_5-eps-converted-to.pdf>
Package pdftex.def Info: sol2D_A_6_T_5-eps-converted-to.pdf  used on input line
 922.
(pdftex.def)             Requested size: 112.418pt x 84.31349pt.
Package epstopdf Info: Source file: <sol2D_A_20_T_5.eps>
(epstopdf)                    date: 2025-03-27 07:44:14
(epstopdf)                    size: 82257 bytes
(epstopdf)             Output file: <sol2D_A_20_T_5-eps-converted-to.pdf>
(epstopdf)                    date: 2025-05-13 17:44:25
(epstopdf)                    size: 58249 bytes
(epstopdf)             Command: <repstopdf --outfile=sol2D_A_20_T_5-eps-convert
ed-to.pdf sol2D_A_20_T_5.eps>
(epstopdf)             \includegraphics on input line 922.
Package epstopdf Info: Output file is already uptodate.
<sol2D_A_20_T_5-eps-converted-to.pdf, id=136, 562.1pt x 421.575pt>
File: sol2D_A_20_T_5-eps-converted-to.pdf Graphic file (type pdf)
<use sol2D_A_20_T_5-eps-converted-to.pdf>
Package pdftex.def Info: sol2D_A_20_T_5-eps-converted-to.pdf  used on input lin
e 922.
(pdftex.def)             Requested size: 112.418pt x 84.31349pt.
Package epstopdf Info: Source file: <sol2D_A_50_T_5.eps>
(epstopdf)                    date: 2025-03-27 07:44:14
(epstopdf)                    size: 77592 bytes
(epstopdf)             Output file: <sol2D_A_50_T_5-eps-converted-to.pdf>
(epstopdf)                    date: 2025-05-13 17:44:25
(epstopdf)                    size: 53140 bytes
(epstopdf)             Command: <repstopdf --outfile=sol2D_A_50_T_5-eps-convert
ed-to.pdf sol2D_A_50_T_5.eps>
(epstopdf)             \includegraphics on input line 922.
Package epstopdf Info: Output file is already uptodate.
<sol2D_A_50_T_5-eps-converted-to.pdf, id=137, 562.1pt x 421.575pt>
File: sol2D_A_50_T_5-eps-converted-to.pdf Graphic file (type pdf)
<use sol2D_A_50_T_5-eps-converted-to.pdf>
Package pdftex.def Info: sol2D_A_50_T_5-eps-converted-to.pdf  used on input lin
e 922.
(pdftex.def)             Requested size: 112.418pt x 84.31349pt.
Package epstopdf Info: Source file: <sol2D_A_6_T_20.eps>
(epstopdf)                    date: 2025-03-27 07:44:14
(epstopdf)                    size: 78191 bytes
(epstopdf)             Output file: <sol2D_A_6_T_20-eps-converted-to.pdf>
(epstopdf)                    date: 2025-05-13 17:44:25
(epstopdf)                    size: 50821 bytes
(epstopdf)             Command: <repstopdf --outfile=sol2D_A_6_T_20-eps-convert
ed-to.pdf sol2D_A_6_T_20.eps>
(epstopdf)             \includegraphics on input line 927.
Package epstopdf Info: Output file is already uptodate.
<sol2D_A_6_T_20-eps-converted-to.pdf, id=138, 562.1pt x 421.575pt>
File: sol2D_A_6_T_20-eps-converted-to.pdf Graphic file (type pdf)
<use sol2D_A_6_T_20-eps-converted-to.pdf>
Package pdftex.def Info: sol2D_A_6_T_20-eps-converted-to.pdf  used on input lin
e 927.
(pdftex.def)             Requested size: 112.418pt x 84.31349pt.
Package epstopdf Info: Source file: <sol2D_A_20_T_20.eps>
(epstopdf)                    date: 2025-03-27 07:44:14
(epstopdf)                    size: 79795 bytes
(epstopdf)             Output file: <sol2D_A_20_T_20-eps-converted-to.pdf>
(epstopdf)                    date: 2025-05-13 17:44:25
(epstopdf)                    size: 55508 bytes
(epstopdf)             Command: <repstopdf --outfile=sol2D_A_20_T_20-eps-conver
ted-to.pdf sol2D_A_20_T_20.eps>
(epstopdf)             \includegraphics on input line 927.
Package epstopdf Info: Output file is already uptodate.
<sol2D_A_20_T_20-eps-converted-to.pdf, id=139, 562.1pt x 421.575pt>
File: sol2D_A_20_T_20-eps-converted-to.pdf Graphic file (type pdf)
<use sol2D_A_20_T_20-eps-converted-to.pdf>
Package pdftex.def Info: sol2D_A_20_T_20-eps-converted-to.pdf  used on input li
ne 927.
(pdftex.def)             Requested size: 112.418pt x 84.31349pt.
Package epstopdf Info: Source file: <sol2D_A_50_T_20.eps>
(epstopdf)                    date: 2025-03-27 07:44:14
(epstopdf)                    size: 74717 bytes
(epstopdf)             Output file: <sol2D_A_50_T_20-eps-converted-to.pdf>
(epstopdf)                    date: 2025-05-13 17:44:26
(epstopdf)                    size: 47068 bytes
(epstopdf)             Command: <repstopdf --outfile=sol2D_A_50_T_20-eps-conver
ted-to.pdf sol2D_A_50_T_20.eps>
(epstopdf)             \includegraphics on input line 927.
Package epstopdf Info: Output file is already uptodate.
<sol2D_A_50_T_20-eps-converted-to.pdf, id=140, 562.1pt x 421.575pt>
File: sol2D_A_50_T_20-eps-converted-to.pdf Graphic file (type pdf)
<use sol2D_A_50_T_20-eps-converted-to.pdf>
Package pdftex.def Info: sol2D_A_50_T_20-eps-converted-to.pdf  used on input li
ne 927.
(pdftex.def)             Requested size: 112.418pt x 84.31349pt.
Package epstopdf Info: Source file: <sol2D_A_6_T_50.eps>
(epstopdf)                    date: 2025-03-27 07:44:14
(epstopdf)                    size: 76502 bytes
(epstopdf)             Output file: <sol2D_A_6_T_50-eps-converted-to.pdf>
(epstopdf)                    date: 2025-05-13 17:44:26
(epstopdf)                    size: 49037 bytes
(epstopdf)             Command: <repstopdf --outfile=sol2D_A_6_T_50-eps-convert
ed-to.pdf sol2D_A_6_T_50.eps>
(epstopdf)             \includegraphics on input line 932.
Package epstopdf Info: Output file is already uptodate.
<sol2D_A_6_T_50-eps-converted-to.pdf, id=141, 562.1pt x 421.575pt>
File: sol2D_A_6_T_50-eps-converted-to.pdf Graphic file (type pdf)
<use sol2D_A_6_T_50-eps-converted-to.pdf>
Package pdftex.def Info: sol2D_A_6_T_50-eps-converted-to.pdf  used on input lin
e 932.
(pdftex.def)             Requested size: 112.418pt x 84.31349pt.
Package epstopdf Info: Source file: <sol2D_A_20_T_50.eps>
(epstopdf)                    date: 2025-03-27 07:44:14
(epstopdf)                    size: 76057 bytes
(epstopdf)             Output file: <sol2D_A_20_T_50-eps-converted-to.pdf>
(epstopdf)                    date: 2025-05-13 17:44:26
(epstopdf)                    size: 49418 bytes
(epstopdf)             Command: <repstopdf --outfile=sol2D_A_20_T_50-eps-conver
ted-to.pdf sol2D_A_20_T_50.eps>
(epstopdf)             \includegraphics on input line 932.
Package epstopdf Info: Output file is already uptodate.
<sol2D_A_20_T_50-eps-converted-to.pdf, id=142, 562.1pt x 421.575pt>
File: sol2D_A_20_T_50-eps-converted-to.pdf Graphic file (type pdf)
<use sol2D_A_20_T_50-eps-converted-to.pdf>
Package pdftex.def Info: sol2D_A_20_T_50-eps-converted-to.pdf  used on input li
ne 932.
(pdftex.def)             Requested size: 112.418pt x 84.31349pt.
Package epstopdf Info: Source file: <sol2D_A_50_T_50.eps>
(epstopdf)                    date: 2025-03-27 07:44:14
(epstopdf)                    size: 69512 bytes
(epstopdf)             Output file: <sol2D_A_50_T_50-eps-converted-to.pdf>
(epstopdf)                    date: 2025-05-13 17:44:26
(epstopdf)                    size: 42376 bytes
(epstopdf)             Command: <repstopdf --outfile=sol2D_A_50_T_50-eps-conver
ted-to.pdf sol2D_A_50_T_50.eps>
(epstopdf)             \includegraphics on input line 932.
Package epstopdf Info: Output file is already uptodate.
<sol2D_A_50_T_50-eps-converted-to.pdf, id=143, 562.1pt x 421.575pt>
File: sol2D_A_50_T_50-eps-converted-to.pdf Graphic file (type pdf)
<use sol2D_A_50_T_50-eps-converted-to.pdf>
Package pdftex.def Info: sol2D_A_50_T_50-eps-converted-to.pdf  used on input li
ne 932.
(pdftex.def)             Requested size: 112.418pt x 84.31349pt.
Package epstopdf Info: Source file: <Fig_2D_A_20_eps_1e-01_T_20_init_1.eps>
(epstopdf)                    date: 2025-03-27 07:44:14
(epstopdf)                    size: 61394 bytes
(epstopdf)             Output file: <Fig_2D_A_20_eps_1e-01_T_20_init_1-eps-conv
erted-to.pdf>
(epstopdf)                    date: 2025-05-13 17:44:27
(epstopdf)                    size: 48622 bytes
(epstopdf)             Command: <repstopdf --outfile=Fig_2D_A_20_eps_1e-01_T_20
_init_1-eps-converted-to.pdf Fig_2D_A_20_eps_1e-01_T_20_init_1.eps>
(epstopdf)             \includegraphics on input line 962.
Package epstopdf Info: Output file is already uptodate.
<Fig_2D_A_20_eps_1e-01_T_20_init_1-eps-converted-to.pdf, id=144, 514.92375pt x 
411.5375pt>
File: Fig_2D_A_20_eps_1e-01_T_20_init_1-eps-converted-to.pdf Graphic file (type
 pdf)
<use Fig_2D_A_20_eps_1e-01_T_20_init_1-eps-converted-to.pdf>
Package pdftex.def Info: Fig_2D_A_20_eps_1e-01_T_20_init_1-eps-converted-to.pdf
  used on input line 962.
(pdftex.def)             Requested size: 102.98293pt x 82.30603pt.
Package epstopdf Info: Source file: <Fig_2D_A_20_eps_1e-02_T_20_init_1.eps>
(epstopdf)                    date: 2025-03-27 07:44:14
(epstopdf)                    size: 62586 bytes
(epstopdf)             Output file: <Fig_2D_A_20_eps_1e-02_T_20_init_1-eps-conv
erted-to.pdf>
(epstopdf)                    date: 2025-05-13 17:44:27
(epstopdf)                    size: 49089 bytes
(epstopdf)             Command: <repstopdf --outfile=Fig_2D_A_20_eps_1e-02_T_20
_init_1-eps-converted-to.pdf Fig_2D_A_20_eps_1e-02_T_20_init_1.eps>
(epstopdf)             \includegraphics on input line 962.
Package epstopdf Info: Output file is already uptodate.
<Fig_2D_A_20_eps_1e-02_T_20_init_1-eps-converted-to.pdf, id=145, 514.92375pt x 
411.5375pt>
File: Fig_2D_A_20_eps_1e-02_T_20_init_1-eps-converted-to.pdf Graphic file (type
 pdf)
<use Fig_2D_A_20_eps_1e-02_T_20_init_1-eps-converted-to.pdf>
Package pdftex.def Info: Fig_2D_A_20_eps_1e-02_T_20_init_1-eps-converted-to.pdf
  used on input line 962.
(pdftex.def)             Requested size: 102.98293pt x 82.30603pt.
Package epstopdf Info: Source file: <Fig_2D_A_20_eps_1e-03_T_20_init_1.eps>
(epstopdf)                    date: 2025-03-27 07:44:14
(epstopdf)                    size: 63524 bytes
(epstopdf)             Output file: <Fig_2D_A_20_eps_1e-03_T_20_init_1-eps-conv
erted-to.pdf>
(epstopdf)                    date: 2025-05-13 17:44:27
(epstopdf)                    size: 49440 bytes
(epstopdf)             Command: <repstopdf --outfile=Fig_2D_A_20_eps_1e-03_T_20
_init_1-eps-converted-to.pdf Fig_2D_A_20_eps_1e-03_T_20_init_1.eps>
(epstopdf)             \includegraphics on input line 962.
Package epstopdf Info: Output file is already uptodate.
<Fig_2D_A_20_eps_1e-03_T_20_init_1-eps-converted-to.pdf, id=146, 514.92375pt x 
411.5375pt>
File: Fig_2D_A_20_eps_1e-03_T_20_init_1-eps-converted-to.pdf Graphic file (type
 pdf)
<use Fig_2D_A_20_eps_1e-03_T_20_init_1-eps-converted-to.pdf>
Package pdftex.def Info: Fig_2D_A_20_eps_1e-03_T_20_init_1-eps-converted-to.pdf
  used on input line 962.
(pdftex.def)             Requested size: 102.98293pt x 82.30603pt.
Package epstopdf Info: Source file: <sol2D_A_20_T_20_init_1.eps>
(epstopdf)                    date: 2025-03-27 07:44:14
(epstopdf)                    size: 63552 bytes
(epstopdf)             Output file: <sol2D_A_20_T_20_init_1-eps-converted-to.pd
f>
(epstopdf)                    date: 2025-05-13 17:44:27
(epstopdf)                    size: 49803 bytes
(epstopdf)             Command: <repstopdf --outfile=sol2D_A_20_T_20_init_1-eps
-converted-to.pdf sol2D_A_20_T_20_init_1.eps>
(epstopdf)             \includegraphics on input line 962.
Package epstopdf Info: Output file is already uptodate.
<sol2D_A_20_T_20_init_1-eps-converted-to.pdf, id=147, 562.1pt x 421.575pt>
File: sol2D_A_20_T_20_init_1-eps-converted-to.pdf Graphic file (type pdf)
<use sol2D_A_20_T_20_init_1-eps-converted-to.pdf>
Package pdftex.def Info: sol2D_A_20_T_20_init_1-eps-converted-to.pdf  used on i
nput line 962.
(pdftex.def)             Requested size: 112.418pt x 84.31349pt.
Package epstopdf Info: Source file: <Fig_2D_A_50_eps_1e-01_T_20_init_1.eps>
(epstopdf)                    date: 2025-03-27 07:44:14
(epstopdf)                    size: 56352 bytes
(epstopdf)             Output file: <Fig_2D_A_50_eps_1e-01_T_20_init_1-eps-conv
erted-to.pdf>
(epstopdf)                    date: 2025-05-13 17:44:28
(epstopdf)                    size: 38633 bytes
(epstopdf)             Command: <repstopdf --outfile=Fig_2D_A_50_eps_1e-01_T_20
_init_1-eps-converted-to.pdf Fig_2D_A_50_eps_1e-01_T_20_init_1.eps>
(epstopdf)             \includegraphics on input line 969.
Package epstopdf Info: Output file is already uptodate.
<Fig_2D_A_50_eps_1e-01_T_20_init_1-eps-converted-to.pdf, id=148, 514.92375pt x 
411.5375pt>
File: Fig_2D_A_50_eps_1e-01_T_20_init_1-eps-converted-to.pdf Graphic file (type
 pdf)
<use Fig_2D_A_50_eps_1e-01_T_20_init_1-eps-converted-to.pdf>
Package pdftex.def Info: Fig_2D_A_50_eps_1e-01_T_20_init_1-eps-converted-to.pdf
  used on input line 969.
(pdftex.def)             Requested size: 102.98293pt x 82.30603pt.
Package epstopdf Info: Source file: <Fig_2D_A_50_eps_1e-02_T_20_init_1.eps>
(epstopdf)                    date: 2025-03-27 07:44:14
(epstopdf)                    size: 57480 bytes
(epstopdf)             Output file: <Fig_2D_A_50_eps_1e-02_T_20_init_1-eps-conv
erted-to.pdf>
(epstopdf)                    date: 2025-05-13 17:44:28
(epstopdf)                    size: 39508 bytes
(epstopdf)             Command: <repstopdf --outfile=Fig_2D_A_50_eps_1e-02_T_20
_init_1-eps-converted-to.pdf Fig_2D_A_50_eps_1e-02_T_20_init_1.eps>
(epstopdf)             \includegraphics on input line 969.
Package epstopdf Info: Output file is already uptodate.
<Fig_2D_A_50_eps_1e-02_T_20_init_1-eps-converted-to.pdf, id=149, 514.92375pt x 
411.5375pt>
File: Fig_2D_A_50_eps_1e-02_T_20_init_1-eps-converted-to.pdf Graphic file (type
 pdf)
<use Fig_2D_A_50_eps_1e-02_T_20_init_1-eps-converted-to.pdf>
Package pdftex.def Info: Fig_2D_A_50_eps_1e-02_T_20_init_1-eps-converted-to.pdf
  used on input line 969.
(pdftex.def)             Requested size: 102.98293pt x 82.30603pt.
Package epstopdf Info: Source file: <Fig_2D_A_50_eps_1e-03_T_20_init_1.eps>
(epstopdf)                    date: 2025-03-27 07:44:14
(epstopdf)                    size: 58263 bytes
(epstopdf)             Output file: <Fig_2D_A_50_eps_1e-03_T_20_init_1-eps-conv
erted-to.pdf>
(epstopdf)                    date: 2025-05-13 17:44:28
(epstopdf)                    size: 40229 bytes
(epstopdf)             Command: <repstopdf --outfile=Fig_2D_A_50_eps_1e-03_T_20
_init_1-eps-converted-to.pdf Fig_2D_A_50_eps_1e-03_T_20_init_1.eps>
(epstopdf)             \includegraphics on input line 969.
Package epstopdf Info: Output file is already uptodate.
<Fig_2D_A_50_eps_1e-03_T_20_init_1-eps-converted-to.pdf, id=150, 514.92375pt x 
411.5375pt>
File: Fig_2D_A_50_eps_1e-03_T_20_init_1-eps-converted-to.pdf Graphic file (type
 pdf)
<use Fig_2D_A_50_eps_1e-03_T_20_init_1-eps-converted-to.pdf>
Package pdftex.def Info: Fig_2D_A_50_eps_1e-03_T_20_init_1-eps-converted-to.pdf
  used on input line 969.
(pdftex.def)             Requested size: 102.98293pt x 82.30603pt.
Package epstopdf Info: Source file: <sol2D_A_50_T_20_init_1.eps>
(epstopdf)                    date: 2025-03-27 07:44:14
(epstopdf)                    size: 58400 bytes
(epstopdf)             Output file: <sol2D_A_50_T_20_init_1-eps-converted-to.pd
f>
(epstopdf)                    date: 2025-05-13 17:44:28
(epstopdf)                    size: 40540 bytes
(epstopdf)             Command: <repstopdf --outfile=sol2D_A_50_T_20_init_1-eps
-converted-to.pdf sol2D_A_50_T_20_init_1.eps>
(epstopdf)             \includegraphics on input line 969.
Package epstopdf Info: Output file is already uptodate.
<sol2D_A_50_T_20_init_1-eps-converted-to.pdf, id=151, 562.1pt x 421.575pt>
File: sol2D_A_50_T_20_init_1-eps-converted-to.pdf Graphic file (type pdf)
<use sol2D_A_50_T_20_init_1-eps-converted-to.pdf>
Package pdftex.def Info: sol2D_A_50_T_20_init_1-eps-converted-to.pdf  used on i
nput line 969.
(pdftex.def)             Requested size: 112.418pt x 84.31349pt.
Package epstopdf Info: Source file: <Fig_2D_A_20_eps_1e-01_T_20_init_10.eps>
(epstopdf)                    date: 2025-03-27 07:44:14
(epstopdf)                    size: 59216 bytes
(epstopdf)             Output file: <Fig_2D_A_20_eps_1e-01_T_20_init_10-eps-con
verted-to.pdf>
(epstopdf)                    date: 2025-05-13 17:44:28
(epstopdf)                    size: 43999 bytes
(epstopdf)             Command: <repstopdf --outfile=Fig_2D_A_20_eps_1e-01_T_20
_init_10-eps-converted-to.pdf Fig_2D_A_20_eps_1e-01_T_20_init_10.eps>
(epstopdf)             \includegraphics on input line 976.
Package epstopdf Info: Output file is already uptodate.
<Fig_2D_A_20_eps_1e-01_T_20_init_10-eps-converted-to.pdf, id=152, 514.92375pt x
 411.5375pt>
File: Fig_2D_A_20_eps_1e-01_T_20_init_10-eps-converted-to.pdf Graphic file (typ
e pdf)
<use Fig_2D_A_20_eps_1e-01_T_20_init_10-eps-converted-to.pdf>
Package pdftex.def Info: Fig_2D_A_20_eps_1e-01_T_20_init_10-eps-converted-to.pd
f  used on input line 976.
(pdftex.def)             Requested size: 102.98293pt x 82.30603pt.
Package epstopdf Info: Source file: <Fig_2D_A_20_eps_1e-02_T_20_init_10.eps>
(epstopdf)                    date: 2025-03-27 07:44:14
(epstopdf)                    size: 59934 bytes
(epstopdf)             Output file: <Fig_2D_A_20_eps_1e-02_T_20_init_10-eps-con
verted-to.pdf>
(epstopdf)                    date: 2025-05-13 17:44:29
(epstopdf)                    size: 44162 bytes
(epstopdf)             Command: <repstopdf --outfile=Fig_2D_A_20_eps_1e-02_T_20
_init_10-eps-converted-to.pdf Fig_2D_A_20_eps_1e-02_T_20_init_10.eps>
(epstopdf)             \includegraphics on input line 976.
Package epstopdf Info: Output file is already uptodate.
<Fig_2D_A_20_eps_1e-02_T_20_init_10-eps-converted-to.pdf, id=153, 514.92375pt x
 411.5375pt>
File: Fig_2D_A_20_eps_1e-02_T_20_init_10-eps-converted-to.pdf Graphic file (typ
e pdf)
<use Fig_2D_A_20_eps_1e-02_T_20_init_10-eps-converted-to.pdf>
Package pdftex.def Info: Fig_2D_A_20_eps_1e-02_T_20_init_10-eps-converted-to.pd
f  used on input line 976.
(pdftex.def)             Requested size: 102.98293pt x 82.30603pt.
Package epstopdf Info: Source file: <Fig_2D_A_20_eps_1e-03_T_20_init_10.eps>
(epstopdf)                    date: 2025-03-27 07:44:14
(epstopdf)                    size: 60811 bytes
(epstopdf)             Output file: <Fig_2D_A_20_eps_1e-03_T_20_init_10-eps-con
verted-to.pdf>
(epstopdf)                    date: 2025-05-13 17:44:29
(epstopdf)                    size: 44532 bytes
(epstopdf)             Command: <repstopdf --outfile=Fig_2D_A_20_eps_1e-03_T_20
_init_10-eps-converted-to.pdf Fig_2D_A_20_eps_1e-03_T_20_init_10.eps>
(epstopdf)             \includegraphics on input line 976.
Package epstopdf Info: Output file is already uptodate.
<Fig_2D_A_20_eps_1e-03_T_20_init_10-eps-converted-to.pdf, id=154, 514.92375pt x
 411.5375pt>
File: Fig_2D_A_20_eps_1e-03_T_20_init_10-eps-converted-to.pdf Graphic file (typ
e pdf)
<use Fig_2D_A_20_eps_1e-03_T_20_init_10-eps-converted-to.pdf>
Package pdftex.def Info: Fig_2D_A_20_eps_1e-03_T_20_init_10-eps-converted-to.pd
f  used on input line 976.
(pdftex.def)             Requested size: 102.98293pt x 82.30603pt.
Package epstopdf Info: Source file: <sol2D_A_20_T_20_init_10.eps>
(epstopdf)                    date: 2025-03-27 07:44:14
(epstopdf)                    size: 60831 bytes
(epstopdf)             Output file: <sol2D_A_20_T_20_init_10-eps-converted-to.p
df>
(epstopdf)                    date: 2025-05-13 17:44:29
(epstopdf)                    size: 44923 bytes
(epstopdf)             Command: <repstopdf --outfile=sol2D_A_20_T_20_init_10-ep
s-converted-to.pdf sol2D_A_20_T_20_init_10.eps>
(epstopdf)             \includegraphics on input line 976.
Package epstopdf Info: Output file is already uptodate.
<sol2D_A_20_T_20_init_10-eps-converted-to.pdf, id=155, 562.1pt x 421.575pt>
File: sol2D_A_20_T_20_init_10-eps-converted-to.pdf Graphic file (type pdf)
<use sol2D_A_20_T_20_init_10-eps-converted-to.pdf>
Package pdftex.def Info: sol2D_A_20_T_20_init_10-eps-converted-to.pdf  used on 
input line 976.
(pdftex.def)             Requested size: 112.418pt x 84.31349pt.
Package epstopdf Info: Source file: <Fig_2D_A_50_eps_1e-01_T_20_init_10.eps>
(epstopdf)                    date: 2025-03-27 07:44:14
(epstopdf)                    size: 53909 bytes
(epstopdf)             Output file: <Fig_2D_A_50_eps_1e-01_T_20_init_10-eps-con
verted-to.pdf>
(epstopdf)                    date: 2025-05-13 17:44:29
(epstopdf)                    size: 37155 bytes
(epstopdf)             Command: <repstopdf --outfile=Fig_2D_A_50_eps_1e-01_T_20
_init_10-eps-converted-to.pdf Fig_2D_A_50_eps_1e-01_T_20_init_10.eps>
(epstopdf)             \includegraphics on input line 983.
Package epstopdf Info: Output file is already uptodate.
<Fig_2D_A_50_eps_1e-01_T_20_init_10-eps-converted-to.pdf, id=156, 514.92375pt x
 411.5375pt>
File: Fig_2D_A_50_eps_1e-01_T_20_init_10-eps-converted-to.pdf Graphic file (typ
e pdf)
<use Fig_2D_A_50_eps_1e-01_T_20_init_10-eps-converted-to.pdf>
Package pdftex.def Info: Fig_2D_A_50_eps_1e-01_T_20_init_10-eps-converted-to.pd
f  used on input line 983.
(pdftex.def)             Requested size: 102.98293pt x 82.30603pt.
Package epstopdf Info: Source file: <Fig_2D_A_50_eps_1e-02_T_20_init_10.eps>
(epstopdf)                    date: 2025-03-27 07:44:14
(epstopdf)                    size: 53447 bytes
(epstopdf)             Output file: <Fig_2D_A_50_eps_1e-02_T_20_init_10-eps-con
verted-to.pdf>
(epstopdf)                    date: 2025-05-13 17:44:30
(epstopdf)                    size: 36453 bytes
(epstopdf)             Command: <repstopdf --outfile=Fig_2D_A_50_eps_1e-02_T_20
_init_10-eps-converted-to.pdf Fig_2D_A_50_eps_1e-02_T_20_init_10.eps>
(epstopdf)             \includegraphics on input line 983.
Package epstopdf Info: Output file is already uptodate.
<Fig_2D_A_50_eps_1e-02_T_20_init_10-eps-converted-to.pdf, id=157, 514.92375pt x
 411.5375pt>
File: Fig_2D_A_50_eps_1e-02_T_20_init_10-eps-converted-to.pdf Graphic file (typ
e pdf)
<use Fig_2D_A_50_eps_1e-02_T_20_init_10-eps-converted-to.pdf>
Package pdftex.def Info: Fig_2D_A_50_eps_1e-02_T_20_init_10-eps-converted-to.pd
f  used on input line 983.
(pdftex.def)             Requested size: 102.98293pt x 82.30603pt.
Package epstopdf Info: Source file: <Fig_2D_A_50_eps_1e-03_T_20_init_10.eps>
(epstopdf)                    date: 2025-03-27 07:44:14
(epstopdf)                    size: 54548 bytes
(epstopdf)             Output file: <Fig_2D_A_50_eps_1e-03_T_20_init_10-eps-con
verted-to.pdf>
(epstopdf)                    date: 2025-05-13 17:44:30
(epstopdf)                    size: 36785 bytes
(epstopdf)             Command: <repstopdf --outfile=Fig_2D_A_50_eps_1e-03_T_20
_init_10-eps-converted-to.pdf Fig_2D_A_50_eps_1e-03_T_20_init_10.eps>
(epstopdf)             \includegraphics on input line 983.
Package epstopdf Info: Output file is already uptodate.
<Fig_2D_A_50_eps_1e-03_T_20_init_10-eps-converted-to.pdf, id=158, 514.92375pt x
 411.5375pt>
File: Fig_2D_A_50_eps_1e-03_T_20_init_10-eps-converted-to.pdf Graphic file (typ
e pdf)
<use Fig_2D_A_50_eps_1e-03_T_20_init_10-eps-converted-to.pdf>
Package pdftex.def Info: Fig_2D_A_50_eps_1e-03_T_20_init_10-eps-converted-to.pd
f  used on input line 983.
(pdftex.def)             Requested size: 102.98293pt x 82.30603pt.
Package epstopdf Info: Source file: <sol2D_A_50_T_20_init_10.eps>
(epstopdf)                    date: 2025-03-27 07:44:14
(epstopdf)                    size: 54560 bytes
(epstopdf)             Output file: <sol2D_A_50_T_20_init_10-eps-converted-to.p
df>
(epstopdf)                    date: 2025-05-13 17:44:30
(epstopdf)                    size: 37179 bytes
(epstopdf)             Command: <repstopdf --outfile=sol2D_A_50_T_20_init_10-ep
s-converted-to.pdf sol2D_A_50_T_20_init_10.eps>
(epstopdf)             \includegraphics on input line 983.
Package epstopdf Info: Output file is already uptodate.
<sol2D_A_50_T_20_init_10-eps-converted-to.pdf, id=159, 562.1pt x 421.575pt>
File: sol2D_A_50_T_20_init_10-eps-converted-to.pdf Graphic file (type pdf)
<use sol2D_A_50_T_20_init_10-eps-converted-to.pdf>
Package pdftex.def Info: sol2D_A_50_T_20_init_10-eps-converted-to.pdf  used on 
input line 983.
(pdftex.def)             Requested size: 112.418pt x 84.31349pt.
Package epstopdf Info: Source file: <l2_relative_error_2D_A_20_T_20.eps>
(epstopdf)                    date: 2025-03-27 07:44:14
(epstopdf)                    size: 150011 bytes
(epstopdf)             Output file: <l2_relative_error_2D_A_20_T_20-eps-convert
ed-to.pdf>
(epstopdf)                    date: 2025-05-13 17:44:30
(epstopdf)                    size: 70704 bytes
(epstopdf)             Command: <repstopdf --outfile=l2_relative_error_2D_A_20_
T_20-eps-converted-to.pdf l2_relative_error_2D_A_20_T_20.eps>
(epstopdf)             \includegraphics on input line 992.
Package epstopdf Info: Output file is already uptodate.
<l2_relative_error_2D_A_20_T_20-eps-converted-to.pdf, id=160, 562.1pt x 421.575
pt>
File: l2_relative_error_2D_A_20_T_20-eps-converted-to.pdf Graphic file (type pd
f)
<use l2_relative_error_2D_A_20_T_20-eps-converted-to.pdf>
Package pdftex.def Info: l2_relative_error_2D_A_20_T_20-eps-converted-to.pdf  u
sed on input line 992.
(pdftex.def)             Requested size: 168.6313pt x 126.47346pt.
Package epstopdf Info: Source file: <convergence_vep_2D.eps>
(epstopdf)                    date: 2025-03-27 07:44:12
(epstopdf)                    size: 100044 bytes
(epstopdf)             Output file: <convergence_vep_2D-eps-converted-to.pdf>
(epstopdf)                    date: 2025-05-13 17:44:30
(epstopdf)                    size: 51078 bytes
(epstopdf)             Command: <repstopdf --outfile=convergence_vep_2D-eps-con
verted-to.pdf convergence_vep_2D.eps>
(epstopdf)             \includegraphics on input line 992.
Package epstopdf Info: Output file is already uptodate.
<convergence_vep_2D-eps-converted-to.pdf, id=161, 562.1pt x 421.575pt>
File: convergence_vep_2D-eps-converted-to.pdf Graphic file (type pdf)
<use convergence_vep_2D-eps-converted-to.pdf>
Package pdftex.def Info: convergence_vep_2D-eps-converted-to.pdf  used on input
 line 992.
(pdftex.def)             Requested size: 168.6313pt x 126.47346pt.
 [19]
Overfull \hbox (26.74103pt too wide) in paragraph at lines 1024--1029
\OT1/cmr/m/n/10 ap-prox-i-ma-tions of $\OML/cmm/m/it/10 ^^Z\OT1/cmr/m/n/10 (\OM
L/cmm/m/it/10 t[]; x[]; x[]\OT1/cmr/m/n/10 )$, $\OML/cmm/m/it/10 c\OT1/cmr/m/n/
10 (\OML/cmm/m/it/10 t[]; x[]; x[]\OT1/cmr/m/n/10 )$, $\OML/cmm/m/it/10 g\OT1/c
mr/m/n/10 (\OML/cmm/m/it/10 t[]; x[]; x[]; v[]; v[]\OT1/cmr/m/n/10 )$ and $\OML
/cmm/m/it/10 g\OT1/cmr/m/n/10 (\OML/cmm/m/it/10 t[]; x[]; x[]; v[]; v[]\OT1/cmr
/m/n/10 )$,
 []

[20 <./sol2D_A_6_T_5-eps-converted-to.pdf> <./sol2D_A_20_T_5-eps-converted-to.p
df> <./sol2D_A_50_T_5-eps-converted-to.pdf> <./sol2D_A_6_T_20-eps-converted-to.
pdf> <./sol2D_A_20_T_20-eps-converted-to.pdf> <./sol2D_A_50_T_20-eps-converted-
to.pdf> <./sol2D_A_6_T_50-eps-converted-to.pdf> <./sol2D_A_20_T_50-eps-converte
d-to.pdf> <./sol2D_A_50_T_50-eps-converted-to.pdf>] [21 <./Fig_2D_A_20_eps_1e-0
1_T_20_init_1-eps-converted-to.pdf> <./Fig_2D_A_20_eps_1e-02_T_20_init_1-eps-co
nverted-to.pdf> <./Fig_2D_A_20_eps_1e-03_T_20_init_1-eps-converted-to.pdf> <./s
ol2D_A_20_T_20_init_1-eps-converted-to.pdf> <./Fig_2D_A_50_eps_1e-01_T_20_init_
1-eps-converted-to.pdf> <./Fig_2D_A_50_eps_1e-02_T_20_init_1-eps-converted-to.p
df> <./Fig_2D_A_50_eps_1e-03_T_20_init_1-eps-converted-to.pdf> <./sol2D_A_50_T_
20_init_1-eps-converted-to.pdf> <./Fig_2D_A_20_eps_1e-01_T_20_init_10-eps-conve
rted-to.pdf> <./Fig_2D_A_20_eps_1e-02_T_20_init_10-eps-converted-to.pdf> <./Fig
_2D_A_20_eps_1e-03_T_20_init_10-eps-converted-to.pdf> <./sol2D_A_20_T_20_init_1
0-eps-converted-to.pdf> <./Fig_2D_A_50_eps_1e-01_T_20_init_10-eps-converted-to.
pdf> <./Fig_2D_A_50_eps_1e-02_T_20_init_10-eps-converted-to.pdf> <./Fig_2D_A_50
_eps_1e-03_T_20_init_10-eps-converted-to.pdf> <./sol2D_A_50_T_20_init_10-eps-co
nverted-to.pdf> <./l2_relative_error_2D_A_20_T_20-eps-converted-to.pdf> <./conv
ergence_vep_2D-eps-converted-to.pdf>]
Package epstopdf Info: Source file: <grid_illustration_1D.eps>
(epstopdf)                    date: 2025-03-27 07:44:14
(epstopdf)                    size: 58052 bytes
(epstopdf)             Output file: <grid_illustration_1D-eps-converted-to.pdf>

(epstopdf)                    date: 2025-05-13 17:44:31
(epstopdf)                    size: 23336 bytes
(epstopdf)             Command: <repstopdf --outfile=grid_illustration_1D-eps-c
onverted-to.pdf grid_illustration_1D.eps>
(epstopdf)             \includegraphics on input line 1034.
Package epstopdf Info: Output file is already uptodate.
<grid_illustration_1D-eps-converted-to.pdf, id=330, 562.1pt x 421.575pt>
File: grid_illustration_1D-eps-converted-to.pdf Graphic file (type pdf)
<use grid_illustration_1D-eps-converted-to.pdf>
Package pdftex.def Info: grid_illustration_1D-eps-converted-to.pdf  used on inp
ut line 1034.
(pdftex.def)             Requested size: 168.6313pt x 126.47346pt.
Package epstopdf Info: Source file: <grid_illustration_2D.eps>
(epstopdf)                    date: 2025-03-27 07:44:12
(epstopdf)                    size: 149975 bytes
(epstopdf)             Output file: <grid_illustration_2D-eps-converted-to.pdf>

(epstopdf)                    date: 2025-05-13 17:44:31
(epstopdf)                    size: 54670 bytes
(epstopdf)             Command: <repstopdf --outfile=grid_illustration_2D-eps-c
onverted-to.pdf grid_illustration_2D.eps>
(epstopdf)             \includegraphics on input line 1034.
Package epstopdf Info: Output file is already uptodate.
<grid_illustration_2D-eps-converted-to.pdf, id=331, 562.1pt x 421.575pt>
File: grid_illustration_2D-eps-converted-to.pdf Graphic file (type pdf)
<use grid_illustration_2D-eps-converted-to.pdf>
Package pdftex.def Info: grid_illustration_2D-eps-converted-to.pdf  used on inp
ut line 1034.
(pdftex.def)             Requested size: 168.6313pt x 126.47346pt.

Overfull \hbox (4.94365pt too wide) detected at line 1053
[]
 []

[22 <./grid_illustration_1D-eps-converted-to.pdf> <./grid_illustration_2D-eps-c
onverted-to.pdf>] [23] (./VFPKS_derivation.bbl [24]
Underfull \hbox (badness 3746) in paragraph at lines 70--72
[]\OT1/cmr/m/sc/10 M. Her-rero, E. Med-ina, and J. Ve-lazquez\OT1/cmr/m/n/10 , 
|   []   |   []   |   []   |   []
 []


Underfull \hbox (badness 10000) in paragraph at lines 99--102
[]\OT1/cmr/m/sc/10 S. Jin and B. Yan\OT1/cmr/m/n/10 , |   []   |   []   |   [] 
  |   []   |   []   |   []   |   []
 []


Underfull \hbox (badness 2884) in paragraph at lines 99--102
|   []   |   []\OT1/cmr/m/n/10 , Jour-nal of Com-pu-ta-tional Physics, 230 (201
1),
 []


Underfull \hbox (badness 1152) in paragraph at lines 121--124
[]\OT1/cmr/m/sc/10 M. Lemou and L. Mieussens\OT1/cmr/m/n/10 , |   []   |   []  
 |   []   |   []   |   []   |   []   |   []
 []

[25]) [26] (./VFPKS_derivation.aux) )
(\end occurred inside a group at level 1)

### simple group (level 1) entered at line 822 ({)
### bottom level 
Here is how much of TeX's memory you used:
 5320 strings out of 476025
 89598 string characters out of 5790017
 1896388 words of memory out of 5000000
 25650 multiletter control sequences out of 15000+600000
 525979 words of font info for 82 fonts, out of 8000000 for 9000
 1141 hyphenation exceptions out of 8191
 57i,17n,62p,2541b,340s stack positions out of 10000i,1000n,20000p,200000b,200000s
</usr/local/texlive/2023/texmf-dist/fonts/type1/public/amsfonts
/cm/cmbx10.pfb></usr/local/texlive/2023/texmf-dist/fonts/type1/public/amsfonts/
cm/cmbx12.pfb></usr/local/texlive/2023/texmf-dist/fonts/type1/public/amsfonts/c
m/cmbx5.pfb></usr/local/texlive/2023/texmf-dist/fonts/type1/public/amsfonts/cm/
cmbx7.pfb></usr/local/texlive/2023/texmf-dist/fonts/type1/public/amsfonts/cm/cm
bx9.pfb></usr/local/texlive/2023/texmf-dist/fonts/type1/public/amsfonts/cm/cmcs
c10.pfb></usr/local/texlive/2023/texmf-dist/fonts/type1/public/amsfonts/cm/cmex
10.pfb></usr/local/texlive/2023/texmf-dist/fonts/type1/public/amsfonts/cm/cmmi1
0.pfb></usr/local/texlive/2023/texmf-dist/fonts/type1/public/amsfonts/cm/cmmi5.
pfb></usr/local/texlive/2023/texmf-dist/fonts/type1/public/amsfonts/cm/cmmi7.pf
b></usr/local/texlive/2023/texmf-dist/fonts/type1/public/amsfonts/cm/cmmib10.pf
b></usr/local/texlive/2023/texmf-dist/fonts/type1/public/amsfonts/cm/cmr10.pfb>
</usr/local/texlive/2023/texmf-dist/fonts/type1/public/amsfonts/cm/cmr12.pfb></
usr/local/texlive/2023/texmf-dist/fonts/type1/public/amsfonts/cm/cmr17.pfb></us
r/local/texlive/2023/texmf-dist/fonts/type1/public/amsfonts/cm/cmr5.pfb></usr/l
ocal/texlive/2023/texmf-dist/fonts/type1/public/amsfonts/cm/cmr7.pfb></usr/loca
l/texlive/2023/texmf-dist/fonts/type1/public/amsfonts/cm/cmr8.pfb></usr/local/t
exlive/2023/texmf-dist/fonts/type1/public/amsfonts/cm/cmr9.pfb></usr/local/texl
ive/2023/texmf-dist/fonts/type1/public/amsfonts/cm/cmss8.pfb></usr/local/texliv
e/2023/texmf-dist/fonts/type1/public/amsfonts/cm/cmsy10.pfb></usr/local/texlive
/2023/texmf-dist/fonts/type1/public/amsfonts/cm/cmsy5.pfb></usr/local/texlive/2
023/texmf-dist/fonts/type1/public/amsfonts/cm/cmsy7.pfb></usr/local/texlive/202
3/texmf-dist/fonts/type1/public/amsfonts/cm/cmti10.pfb></usr/local/texlive/2023
/texmf-dist/fonts/type1/public/amsfonts/cm/cmti9.pfb></usr/local/texlive/2023/t
exmf-dist/fonts/type1/public/amsfonts/symbols/msbm10.pfb></usr/local/texlive/20
23/texmf-dist/fonts/type1/public/cm-super/sfrm0600.pfb></usr/local/texlive/2023
/texmf-dist/fonts/type1/public/cm-super/sfrm0800.pfb>
Output written on VFPKS_derivation.pdf (26 pages, 2244590 bytes).
PDF statistics:
 464 PDF objects out of 1000 (max. 8388607)
 253 compressed objects within 3 object streams
 0 named destinations out of 1000 (max. 500000)
 201 words of extra memory for PDF output out of 10000 (max. 10000000)

