This is pdfTeX, Version 3.141592653-2.6-1.40.25 (TeX Live 2023) (preloaded format=pdflatex 2023.3.30)  13 MAY 2025 18:51
entering extended mode
 restricted \write18 enabled.
 file:line:error style messages enabled.
 %&-line parsing enabled.
**AIMS_VFPKS.tex
(./AIMS_VFPKS.tex
LaTeX2e <2022-11-01> patch level 1
L3 programming layer <2023-02-22> (./aims.cls
Document Class: aims 1999/05/06 v1.0
(/usr/local/texlive/2023/texmf-dist/tex/latex/graphics/graphicx.sty
Package: graphicx 2021/09/16 v1.2d Enhanced LaTeX Graphics (DPC,SPQR)

(/usr/local/texlive/2023/texmf-dist/tex/latex/graphics/keyval.sty
Package: keyval 2022/05/29 v1.15 key=value parser (DPC)
\KV@toks@=\toks16
)
(/usr/local/texlive/2023/texmf-dist/tex/latex/graphics/graphics.sty
Package: graphics 2022/03/10 v1.4e Standard LaTeX Graphics (DPC,SPQR)

(/usr/local/texlive/2023/texmf-dist/tex/latex/graphics/trig.sty
Package: trig 2021/08/11 v1.11 sin cos tan (DPC)
)
(/usr/local/texlive/2023/texmf-dist/tex/latex/graphics-cfg/graphics.cfg
File: graphics.cfg 2016/06/04 v1.11 sample graphics configuration
)
Package graphics Info: Driver file: pdftex.def on input line 107.

(/usr/local/texlive/2023/texmf-dist/tex/latex/graphics-def/pdftex.def
File: pdftex.def 2022/09/22 v1.2b Graphics/color driver for pdftex
))
\Gin@req@height=\dimen140
\Gin@req@width=\dimen141
)
\linespacing=\dimen142
\normalparindent=\dimen143
\normaltopskip=\skip48

(/usr/local/texlive/2023/texmf-dist/tex/latex/amsmath/amsgen.sty
File: amsgen.sty 1999/11/30 v2.0 generic functions
\@emptytoks=\toks17
\ex@=\dimen144
)
(/usr/local/texlive/2023/texmf-dist/tex/latex/amsmath/amsmath.sty
Package: amsmath 2022/04/08 v2.17n AMS math features
\@mathmargin=\skip49

For additional information on amsmath, use the `?' option.
(/usr/local/texlive/2023/texmf-dist/tex/latex/amsmath/amstext.sty
Package: amstext 2021/08/26 v2.01 AMS text
)
(/usr/local/texlive/2023/texmf-dist/tex/latex/amsmath/amsbsy.sty
Package: amsbsy 1999/11/29 v1.2d Bold Symbols
\pmbraise@=\dimen145
)
(/usr/local/texlive/2023/texmf-dist/tex/latex/amsmath/amsopn.sty
Package: amsopn 2022/04/08 v2.04 operator names
)
\inf@bad=\count185
LaTeX Info: Redefining \frac on input line 234.
\uproot@=\count186
\leftroot@=\count187
LaTeX Info: Redefining \overline on input line 399.
LaTeX Info: Redefining \colon on input line 410.
\classnum@=\count188
\DOTSCASE@=\count189
LaTeX Info: Redefining \ldots on input line 496.
LaTeX Info: Redefining \dots on input line 499.
LaTeX Info: Redefining \cdots on input line 620.
\Mathstrutbox@=\box51
\strutbox@=\box52
LaTeX Info: Redefining \big on input line 722.
LaTeX Info: Redefining \Big on input line 723.
LaTeX Info: Redefining \bigg on input line 724.
LaTeX Info: Redefining \Bigg on input line 725.
\big@size=\dimen146
LaTeX Font Info:    Redeclaring font encoding OML on input line 743.
LaTeX Font Info:    Redeclaring font encoding OMS on input line 744.
\macc@depth=\count190
LaTeX Info: Redefining \bmod on input line 905.
LaTeX Info: Redefining \pmod on input line 910.
LaTeX Info: Redefining \smash on input line 940.
LaTeX Info: Redefining \relbar on input line 970.
LaTeX Info: Redefining \Relbar on input line 971.
\c@MaxMatrixCols=\count191
\dotsspace@=\muskip16
\c@parentequation=\count192
\dspbrk@lvl=\count193
\tag@help=\toks18
\row@=\count194
\column@=\count195
\maxfields@=\count196
\andhelp@=\toks19
\eqnshift@=\dimen147
\alignsep@=\dimen148
\tagshift@=\dimen149
\tagwidth@=\dimen150
\totwidth@=\dimen151
\lineht@=\dimen152
\@envbody=\toks20
\multlinegap=\skip50
\multlinetaggap=\skip51
\mathdisplay@stack=\toks21
LaTeX Info: Redefining \[ on input line 2953.
LaTeX Info: Redefining \] on input line 2954.
)
LaTeX Font Info:    Trying to load font information for U+msa on input line 328
.

(/usr/local/texlive/2023/texmf-dist/tex/latex/amsfonts/umsa.fd
File: umsa.fd 2013/01/14 v3.01 AMS symbols A
)
(/usr/local/texlive/2023/texmf-dist/tex/latex/amsfonts/amsfonts.sty
Package: amsfonts 2013/01/14 v3.01 Basic AMSFonts support
\symAMSa=\mathgroup4
\symAMSb=\mathgroup5
LaTeX Font Info:    Redeclaring math symbol \hbar on input line 98.
LaTeX Font Info:    Overwriting math alphabet `\mathfrak' in version `bold'
(Font)                  U/euf/m/n --> U/euf/b/n on input line 106.
)
\copyins=\insert199
\abstractbox=\box53
\listisep=\skip52
\c@part=\count197
\c@section=\count198
\c@subsection=\count266
\c@subsubsection=\count267
\c@paragraph=\count268
\c@@refsection=\count269

(/usr/local/texlive/2023/texmf-dist/tex/latex/graphics/color.sty
Package: color 2022/01/06 v1.3d Standard LaTeX Color (DPC)

(/usr/local/texlive/2023/texmf-dist/tex/latex/graphics-cfg/color.cfg
File: color.cfg 2016/01/02 v1.6 sample color configuration
)
Package color Info: Driver file: pdftex.def on input line 149.

(/usr/local/texlive/2023/texmf-dist/tex/latex/graphics/mathcolor.ltx))
(/usr/local/texlive/2023/texmf-dist/tex/latex/psnfss/pifont.sty
Package: pifont 2020/03/25 PSNFSS-v9.3 Pi font support (SPQR) 
LaTeX Font Info:    Trying to load font information for U+pzd on input line 63.


(/usr/local/texlive/2023/texmf-dist/tex/latex/psnfss/upzd.fd
File: upzd.fd 2001/06/04 font definitions for U/pzd.
)
LaTeX Font Info:    Trying to load font information for U+psy on input line 64.


(/usr/local/texlive/2023/texmf-dist/tex/latex/psnfss/upsy.fd
File: upsy.fd 2001/06/04 font definitions for U/psy.
))
\c@commentlabel=\count270
\c@figure=\count271
\c@table=\count272
\abovecaptionskip=\skip53
\belowcaptionskip=\skip54
\captionindent=\dimen153

(/usr/local/texlive/2023/texmf-dist/tex/latex/amscls/amsthm.sty
Package: amsthm 2020/05/29 v2.20.6
\thm@style=\toks22
\thm@bodyfont=\toks23
\thm@headfont=\toks24
\thm@notefont=\toks25
\thm@headpunct=\toks26
\thm@preskip=\skip55
\thm@postskip=\skip56
\thm@headsep=\skip57
\dth@everypar=\toks27
)
LaTeX Info: Redefining \textprime on input line 1393.
)
(/usr/local/texlive/2023/texmf-dist/tex/latex/paralist/paralist.sty
Package: paralist 2017/01/22 v2.7 Extended list environments
\pltopsep=\skip58
\plpartopsep=\skip59
\plitemsep=\skip60
\plparsep=\skip61
\pl@lab=\toks28
)
(/usr/local/texlive/2023/texmf-dist/tex/latex/ifsym/ifsym.sty
Package: ifsym 2000/04/18 I.Kloeckl

(/usr/local/texlive/2023/texmf-dist/tex/latex/tools/calc.sty
Package: calc 2017/05/25 v4.3 Infix arithmetic (KKT,FJ)
\calc@Acount=\count273
\calc@Bcount=\count274
\calc@Adimen=\dimen154
\calc@Bdimen=\dimen155
\calc@Askip=\skip62
\calc@Bskip=\skip63
LaTeX Info: Redefining \setlength on input line 80.
LaTeX Info: Redefining \addtolength on input line 81.
\calc@Ccount=\count275
\calc@Cskip=\skip64
)
\c@ifsymcnt=\count276
)
(/usr/local/texlive/2023/texmf-dist/tex/latex/graphics/epsfig.sty
Package: epsfig 2017/06/25 v1.7b (e)psfig emulation (SPQR)
\epsfxsize=\dimen156
\epsfysize=\dimen157
)
(/usr/local/texlive/2023/texmf-dist/tex/latex/epstopdf-pkg/epstopdf.sty
Package: epstopdf 2020-01-24 v2.11 Conversion with epstopdf on the fly (HO)

(/usr/local/texlive/2023/texmf-dist/tex/generic/infwarerr/infwarerr.sty
Package: infwarerr 2019/12/03 v1.5 Providing info/warning/error messages (HO)
)
(/usr/local/texlive/2023/texmf-dist/tex/latex/grfext/grfext.sty
Package: grfext 2019/12/03 v1.3 Manage graphics extensions (HO)

(/usr/local/texlive/2023/texmf-dist/tex/generic/kvdefinekeys/kvdefinekeys.sty
Package: kvdefinekeys 2019-12-19 v1.6 Define keys (HO)
)) (/usr/local/texlive/2023/texmf-dist/tex/latex/kvoptions/kvoptions.sty
Package: kvoptions 2022-06-15 v3.15 Key value format for package options (HO)

(/usr/local/texlive/2023/texmf-dist/tex/generic/ltxcmds/ltxcmds.sty
Package: ltxcmds 2020-05-10 v1.25 LaTeX kernel commands for general use (HO)
)
(/usr/local/texlive/2023/texmf-dist/tex/latex/kvsetkeys/kvsetkeys.sty
Package: kvsetkeys 2022-10-05 v1.19 Key value parser (HO)
))
(/usr/local/texlive/2023/texmf-dist/tex/generic/pdftexcmds/pdftexcmds.sty
Package: pdftexcmds 2020-06-27 v0.33 Utility functions of pdfTeX for LuaTeX (HO
)

(/usr/local/texlive/2023/texmf-dist/tex/generic/iftex/iftex.sty
Package: iftex 2022/02/03 v1.0f TeX engine tests
)
Package pdftexcmds Info: \pdf@primitive is available.
Package pdftexcmds Info: \pdf@ifprimitive is available.
Package pdftexcmds Info: \pdfdraftmode found.
)
(/usr/local/texlive/2023/texmf-dist/tex/latex/epstopdf-pkg/epstopdf-base.sty
Package: epstopdf-base 2020-01-24 v2.11 Base part for package epstopdf
Package epstopdf-base Info: Redefining graphics rule for `.eps' on input line 4
85.
Package grfext Info: Graphics extension search list:
(grfext)             [.pdf,.png,.jpg,.mps,.jpeg,.jbig2,.jb2,.PDF,.PNG,.JPG,.JPE
G,.JBIG2,.JB2,.eps]
(grfext)             \AppendGraphicsExtensions on input line 504.

(/usr/local/texlive/2023/texmf-dist/tex/latex/latexconfig/epstopdf-sys.cfg
File: epstopdf-sys.cfg 2010/07/13 v1.3 Configuration of (r)epstopdf for TeX Liv
e
)))
(/usr/local/texlive/2023/texmf-dist/tex/latex/hyperref/hyperref.sty
Package: hyperref 2023-02-07 v7.00v Hypertext links for LaTeX

(/usr/local/texlive/2023/texmf-dist/tex/generic/pdfescape/pdfescape.sty
Package: pdfescape 2019/12/09 v1.15 Implements pdfTeX's escape features (HO)
)
(/usr/local/texlive/2023/texmf-dist/tex/latex/hycolor/hycolor.sty
Package: hycolor 2020-01-27 v1.10 Color options for hyperref/bookmark (HO)
)
(/usr/local/texlive/2023/texmf-dist/tex/latex/letltxmacro/letltxmacro.sty
Package: letltxmacro 2019/12/03 v1.6 Let assignment for LaTeX macros (HO)
)
(/usr/local/texlive/2023/texmf-dist/tex/latex/auxhook/auxhook.sty
Package: auxhook 2019-12-17 v1.6 Hooks for auxiliary files (HO)
)
(/usr/local/texlive/2023/texmf-dist/tex/latex/hyperref/nameref.sty
Package: nameref 2022-05-17 v2.50 Cross-referencing by name of section

(/usr/local/texlive/2023/texmf-dist/tex/latex/refcount/refcount.sty
Package: refcount 2019/12/15 v3.6 Data extraction from label references (HO)
)
(/usr/local/texlive/2023/texmf-dist/tex/generic/gettitlestring/gettitlestring.s
ty
Package: gettitlestring 2019/12/15 v1.6 Cleanup title references (HO)
)
\c@section@level=\count277
)
\@linkdim=\dimen158
\Hy@linkcounter=\count278
\Hy@pagecounter=\count279
 (/usr/local/texlive/2023/texmf-dist/tex/latex/hyperref/pd1enc.def
File: pd1enc.def 2023-02-07 v7.00v Hyperref: PDFDocEncoding definition (HO)
Now handling font encoding PD1 ...
... no UTF-8 mapping file for font encoding PD1
)
(/usr/local/texlive/2023/texmf-dist/tex/generic/intcalc/intcalc.sty
Package: intcalc 2019/12/15 v1.3 Expandable calculations with integers (HO)
)
(/usr/local/texlive/2023/texmf-dist/tex/generic/etexcmds/etexcmds.sty
Package: etexcmds 2019/12/15 v1.7 Avoid name clashes with e-TeX commands (HO)
)
\Hy@SavedSpaceFactor=\count280

(/usr/local/texlive/2023/texmf-dist/tex/latex/hyperref/puenc.def
File: puenc.def 2023-02-07 v7.00v Hyperref: PDF Unicode definition (HO)
Now handling font encoding PU ...
... no UTF-8 mapping file for font encoding PU
)
Package hyperref Info: Option `colorlinks' set `true' on input line 4060.
Package hyperref Info: Hyper figures OFF on input line 4177.
Package hyperref Info: Link nesting OFF on input line 4182.
Package hyperref Info: Hyper index ON on input line 4185.
Package hyperref Info: Plain pages OFF on input line 4192.
Package hyperref Info: Backreferencing OFF on input line 4197.
Package hyperref Info: Implicit mode ON; LaTeX internals redefined.
Package hyperref Info: Bookmarks ON on input line 4425.
\c@Hy@tempcnt=\count281

(/usr/local/texlive/2023/texmf-dist/tex/latex/url/url.sty
\Urlmuskip=\muskip17
Package: url 2013/09/16  ver 3.4  Verb mode for urls, etc.
)
LaTeX Info: Redefining \url on input line 4763.
\XeTeXLinkMargin=\dimen159

(/usr/local/texlive/2023/texmf-dist/tex/generic/bitset/bitset.sty
Package: bitset 2019/12/09 v1.3 Handle bit-vector datatype (HO)

(/usr/local/texlive/2023/texmf-dist/tex/generic/bigintcalc/bigintcalc.sty
Package: bigintcalc 2019/12/15 v1.5 Expandable calculations on big integers (HO
)
))
\Fld@menulength=\count282
\Field@Width=\dimen160
\Fld@charsize=\dimen161
Package hyperref Info: Hyper figures OFF on input line 6042.
Package hyperref Info: Link nesting OFF on input line 6047.
Package hyperref Info: Hyper index ON on input line 6050.
Package hyperref Info: backreferencing OFF on input line 6057.
Package hyperref Info: Link coloring ON on input line 6060.
Package hyperref Info: Link coloring with OCG OFF on input line 6067.
Package hyperref Info: PDF/A mode OFF on input line 6072.

(/usr/local/texlive/2023/texmf-dist/tex/latex/base/atbegshi-ltx.sty
Package: atbegshi-ltx 2021/01/10 v1.0c Emulation of the original atbegshi
package with kernel methods
)
\Hy@abspage=\count283
\c@Item=\count284
\c@Hfootnote=\count285
)
Package hyperref Info: Driver (autodetected): hpdftex.

(/usr/local/texlive/2023/texmf-dist/tex/latex/hyperref/hpdftex.def
File: hpdftex.def 2023-02-07 v7.00v Hyperref driver for pdfTeX

(/usr/local/texlive/2023/texmf-dist/tex/latex/base/atveryend-ltx.sty
Package: atveryend-ltx 2020/08/19 v1.0a Emulation of the original atveryend pac
kage
with kernel methods
)
\Fld@listcount=\count286
\c@bookmark@seq@number=\count287

(/usr/local/texlive/2023/texmf-dist/tex/latex/rerunfilecheck/rerunfilecheck.sty
Package: rerunfilecheck 2022-07-10 v1.10 Rerun checks for auxiliary files (HO)

(/usr/local/texlive/2023/texmf-dist/tex/generic/uniquecounter/uniquecounter.sty
Package: uniquecounter 2019/12/15 v1.4 Provide unlimited unique counter (HO)
)
Package uniquecounter Info: New unique counter `rerunfilecheck' on input line 2
85.
)
\Hy@SectionHShift=\skip65
)
\c@theorem=\count288

(/usr/local/texlive/2023/texmf-dist/tex/latex/l3backend/l3backend-pdftex.def
File: l3backend-pdftex.def 2023-01-16 L3 backend support: PDF output (pdfTeX)
\l__color_backend_stack_int=\count289
\l__pdf_internal_box=\box54
)
No file AIMS_VFPKS.aux.
\openout1 = `AIMS_VFPKS.aux'.

LaTeX Font Info:    Checking defaults for OML/cmm/m/it on input line 142.
LaTeX Font Info:    ... okay on input line 142.
LaTeX Font Info:    Checking defaults for OMS/cmsy/m/n on input line 142.
LaTeX Font Info:    ... okay on input line 142.
LaTeX Font Info:    Checking defaults for OT1/cmr/m/n on input line 142.
LaTeX Font Info:    ... okay on input line 142.
LaTeX Font Info:    Checking defaults for T1/cmr/m/n on input line 142.
LaTeX Font Info:    ... okay on input line 142.
LaTeX Font Info:    Checking defaults for TS1/cmr/m/n on input line 142.
LaTeX Font Info:    ... okay on input line 142.
LaTeX Font Info:    Checking defaults for OMX/cmex/m/n on input line 142.
LaTeX Font Info:    ... okay on input line 142.
LaTeX Font Info:    Checking defaults for U/cmr/m/n on input line 142.
LaTeX Font Info:    ... okay on input line 142.
LaTeX Font Info:    Checking defaults for PD1/pdf/m/n on input line 142.
LaTeX Font Info:    ... okay on input line 142.
LaTeX Font Info:    Checking defaults for PU/pdf/m/n on input line 142.
LaTeX Font Info:    ... okay on input line 142.
(/usr/local/texlive/2023/texmf-dist/tex/context/base/mkii/supp-pdf.mkii
[Loading MPS to PDF converter (version 2006.09.02).]
\scratchcounter=\count290
\scratchdimen=\dimen162
\scratchbox=\box55
\nofMPsegments=\count291
\nofMParguments=\count292
\everyMPshowfont=\toks29
\MPscratchCnt=\count293
\MPscratchDim=\dimen163
\MPnumerator=\count294
\makeMPintoPDFobject=\count295
\everyMPtoPDFconversion=\toks30
)
LaTeX Font Info:    Trying to load font information for U+msa on input line 142
.
 (/usr/local/texlive/2023/texmf-dist/tex/latex/amsfonts/umsa.fd
File: umsa.fd 2013/01/14 v3.01 AMS symbols A
)
LaTeX Font Info:    Trying to load font information for U+msb on input line 142
.

(/usr/local/texlive/2023/texmf-dist/tex/latex/amsfonts/umsb.fd
File: umsb.fd 2013/01/14 v3.01 AMS symbols B
)
Package hyperref Info: Link coloring ON on input line 142.
\@outlinefile=\write3
\openout3 = `AIMS_VFPKS.out'.

LaTeX Font Info:    Trying to load font information for U+ifsym on input line 1
50.

(/usr/local/texlive/2023/texmf-dist/tex/latex/ifsym/uifsym.fd)

LaTeX Font Warning: Font shape `U/ifsym/m/sc' undefined
(Font)              using `U/ifsym/m/n' instead on input line 150.


Class aims Warning: Abstract should precede \maketitle in AMS documentclasses; 
reported on input line 182.


LaTeX Warning: Citation `Alt1980' on page 1 undefined on input line 194.


LaTeX Warning: Citation `Kaupp2012' on page 1 undefined on input line 194.


LaTeX Warning: Citation `Jin2008' on page 1 undefined on input line 194.


LaTeX Warning: Citation `Roussos2011' on page 1 undefined on input line 194.


LaTeX Warning: Citation `patlak1953random' on page 1 undefined on input line 19
6.


LaTeX Warning: Citation `keller1970initiation' on page 1 undefined on input lin
e 196.


LaTeX Warning: Citation `keller1971model' on page 1 undefined on input line 196
.


LaTeX Warning: Citation `Alt1980' on page 1 undefined on input line 196.


LaTeX Warning: Citation `Hillen2009' on page 1 undefined on input line 196.


LaTeX Warning: Citation `horstmann2003' on page 1 undefined on input line 196.


LaTeX Warning: Citation `horstmann2004' on page 1 undefined on input line 196.


LaTeX Warning: Citation `Alt1980' on page 1 undefined on input line 196.


LaTeX Warning: Citation `Othmer1997' on page 1 undefined on input line 196.


LaTeX Warning: Citation `othmer2000diffusion' on page 1 undefined on input line
 196.


LaTeX Warning: Citation `othmer2002diffusion' on page 1 undefined on input line
 196.


LaTeX Warning: Citation `chalub2004kinetic' on page 1 undefined on input line 1
96.


LaTeX Warning: Citation `othmer2002diffusion' on page 1 undefined on input line
 196.


LaTeX Warning: Citation `othmer2000diffusion' on page 1 undefined on input line
 196.


Overfull \vbox (6.48724pt too high) has occurred while \output is active []



pdfTeX warning: /Library/TeX/texbin/pdflatex (file ./AIMS_Logo.pdf): PDF inclus
ion: found PDF version <1.6>, but at most version <1.5> allowed
<AIMS_Logo.pdf, id=8, 978.38326pt x 994.4593pt>
File: AIMS_Logo.pdf Graphic file (type pdf)
<use AIMS_Logo.pdf>
Package pdftex.def Info: AIMS_Logo.pdf  used on input line 197.
(pdftex.def)             Requested size: 28.90866pt x 29.37726pt.

Overfull \vbox (32.36975pt too high) has occurred while \output is active []


[1{/usr/local/texlive/2023/texmf-var/fonts/map/pdftex/updmap/pdftex.map} <./AIM
S_Logo.pdf>]

LaTeX Warning: Citation `Brener1999' on page 2 undefined on input line 198.


LaTeX Warning: Citation `Herrero1998' on page 2 undefined on input line 198.


LaTeX Warning: Citation `Nagai1997' on page 2 undefined on input line 198.


LaTeX Warning: Citation `Othmer1997' on page 2 undefined on input line 198.


LaTeX Warning: Citation `chalub2004kinetic' on page 2 undefined on input line 1
98.


LaTeX Warning: Citation `Hillen2009' on page 2 undefined on input line 198.


LaTeX Warning: Citation `painter2002volume' on page 2 undefined on input line 1
98.


LaTeX Warning: Citation `murray2002introduction' on page 2 undefined on input l
ine 206.


LaTeX Warning: Citation `murray2003mathematical' on page 2 undefined on input l
ine 206.


LaTeX Warning: Reference `eq: starting model equation' on page 2 undefined on i
nput line 206.


LaTeX Warning: Citation `wrzosek2010volume' on page 2 undefined on input line 2
06.


LaTeX Warning: Citation `calvez2006volume' on page 2 undefined on input line 20
6.


LaTeX Warning: Citation `zheng2015boundedness' on page 2 undefined on input lin
e 206.


LaTeX Warning: Citation `painter2002volume' on page 2 undefined on input line 2
06.


LaTeX Warning: Citation `wang2010chemotaxis' on page 2 undefined on input line 
206.


LaTeX Warning: Citation `wrzosek2010volume' on page 2 undefined on input line 2
06.


LaTeX Warning: Citation `han2017pattern' on page 2 undefined on input line 206.



LaTeX Warning: Citation `ma2012stationary' on page 2 undefined on input line 20
6.


LaTeX Warning: Citation `dolak2005keller' on page 2 undefined on input line 206
.


LaTeX Warning: Citation `ibrahim2014efficacy' on page 2 undefined on input line
 206.


LaTeX Warning: Citation `Vital2011' on page 2 undefined on input line 206.


LaTeX Warning: Reference `eq: starting model equation' on page 2 undefined on i
nput line 206.


LaTeX Warning: Citation `almeida2020treatment' on page 2 undefined on input lin
e 206.


LaTeX Warning: Citation `almeida2020treatment' on page 2 undefined on input lin
e 206.


LaTeX Warning: Citation `wang2007classical' on page 2 undefined on input line 2
06.


Underfull \vbox (badness 1975) has occurred while \output is active []

 [2]

LaTeX Warning: Citation `painter2002volume' on page 3 undefined on input line 2
08.


LaTeX Warning: Citation `Othmer1997' on page 3 undefined on input line 208.


LaTeX Warning: Reference `eq: starting model equation' on page 3 undefined on i
nput line 209.


LaTeX Warning: Citation `othmer2002diffusion' on page 3 undefined on input line
 211.


LaTeX Warning: Citation `othmer2000diffusion' on page 3 undefined on input line
 211.


LaTeX Warning: Reference `eq: starting model equation' on page 3 undefined on i
nput line 211.


LaTeX Warning: Reference `theorem1' on page 3 undefined on input line 211.


LaTeX Warning: Reference `sec:macroscopic derivation' on page 3 undefined on in
put line 211.


LaTeX Warning: Reference `eq: inital model without scaling' on page 3 undefined
 on input line 214.


LaTeX Warning: Reference `eq: inital model without scaling' on page 3 undefined
 on input line 214.


LaTeX Warning: Citation `othmer2002diffusion' on page 3 undefined on input line
 214.


LaTeX Warning: Reference `remark' on page 3 undefined on input line 214.


LaTeX Warning: Citation `othmer2002diffusion' on page 3 undefined on input line
 214.


LaTeX Warning: Citation `othmer2000diffusion' on page 3 undefined on input line
 214.


LaTeX Warning: Reference `eq: inital model without scaling' on page 3 undefined
 on input line 216.


LaTeX Warning: Reference `eq: inital model without scaling' on page 3 undefined
 on input line 216.


LaTeX Warning: Reference `eq: starting model equation' on page 3 undefined on i
nput line 216.


LaTeX Warning: Citation `Meacock2021' on page 3 undefined on input line 216.

[3]

LaTeX Warning: Citation `filbet2010class' on page 4 undefined on input line 218
.


LaTeX Warning: Citation `jin1999efficient' on page 4 undefined on input line 21
8.


LaTeX Warning: Citation `LemouMieussens' on page 4 undefined on input line 218.



LaTeX Warning: Reference `sec:micro-macro' on page 4 undefined on input line 21
8.


LaTeX Warning: Reference `sec: implicit-explicit scheme' on page 4 undefined on
 input line 218.


LaTeX Warning: Citation `carrillo2013asymptotic' on page 4 undefined on input l
ine 218.


LaTeX Warning: Citation `emako2016well' on page 4 undefined on input line 219.


LaTeX Warning: Citation `wang2019asymptotic' on page 4 undefined on input line 
219.


LaTeX Warning: Citation `jin2011class' on page 4 undefined on input line 219.


LaTeX Warning: Citation `chertock2019high' on page 4 undefined on input line 21
9.


LaTeX Warning: Reference `sec:model' on page 4 undefined on input line 221.


LaTeX Warning: Reference `eq: inital model without scaling' on page 4 undefined
 on input line 221.


LaTeX Warning: Citation `othmer2002diffusion' on page 4 undefined on input line
 221.


LaTeX Warning: Reference `sec:micro-macro' on page 4 undefined on input line 22
1.


LaTeX Warning: Reference `sec: implicit-explicit scheme' on page 4 undefined on
 input line 221.


LaTeX Warning: Reference `numerical results' on page 4 undefined on input line 
221.


LaTeX Warning: Citation `Hillen2009' on page 4 undefined on input line 239.

[4
pdfTeX warning (ext4): destination with the same identifier (name{equation.2.3}
) has been already used, duplicate ignored
<argument> ...shipout:D \box_use:N \l_shipout_box 
                                                  \__shipout_drop_firstpage_...
l.240 \begin{equation*}
                       
pdfTeX warning (ext4): destination with the same identifier (name{equation.2.3}
) has been already used, duplicate ignored
<argument> ...shipout:D \box_use:N \l_shipout_box 
                                                  \__shipout_drop_firstpage_...
l.240 \begin{equation*}
                       ]

LaTeX Warning: Reference `expansion_psi' on page 5 undefined on input line 243.



LaTeX Warning: Citation `Hillen2009' on page 5 undefined on input line 257.


pdfTeX warning (ext4): destination with the same identifier (name{equation.2.3}
) has been already used, duplicate ignored
<to be read again> 
                   \relax 
l.258 \begin{equation}
                      
pdfTeX warning (ext4): destination with the same identifier (name{equation.2.3}
) has been already used, duplicate ignored
<to be read again> 
                   \relax 
l.258 \begin{equation}
                      
pdfTeX warning (ext4): destination with the same identifier (name{equation.2.3}
) has been already used, duplicate ignored
<to be read again> 
                   \relax 
l.258 \begin{equation}
                      
pdfTeX warning (ext4): destination with the same identifier (name{equation.2.3}
) has been already used, duplicate ignored
<to be read again> 
                   \relax 
l.258 \begin{equation}
                      

LaTeX Warning: Reference `eq: inital model without scaling' on page 5 undefined
 on input line 261.


pdfTeX warning (ext4): destination with the same identifier (name{equation.2.3}
) has been already used, duplicate ignored
<to be read again> 
                   \relax 
l.262 \begin{equation}
                      
pdfTeX warning (ext4): destination with the same identifier (name{equation.2.3}
) has been already used, duplicate ignored
<to be read again> 
                   \relax 
l.262 \begin{equation}
                      
pdfTeX warning (ext4): destination with the same identifier (name{equation.2.3}
) has been already used, duplicate ignored
<to be read again> 
                   \relax 
l.262 \begin{equation}
                      
pdfTeX warning (ext4): destination with the same identifier (name{equation.2.3}
) has been already used, duplicate ignored
<to be read again> 
                   \relax 
l.262 \begin{equation}
                      

LaTeX Warning: Reference `eq: scaled model' on page 5 undefined on input line 2
69.

[5]
pdfTeX warning (ext4): destination with the same identifier (name{equation.2.4}
) has been already used, duplicate ignored
<to be read again> 
                   \relax 
l.270 \begin{equation}
                      
pdfTeX warning (ext4): destination with the same identifier (name{equation.2.4}
) has been already used, duplicate ignored
<to be read again> 
                   \relax 
l.270 \begin{equation}
                      
pdfTeX warning (ext4): destination with the same identifier (name{equation.2.4}
) has been already used, duplicate ignored
<to be read again> 
                   \relax 
l.270 \begin{equation}
                      
pdfTeX warning (ext4): destination with the same identifier (name{equation.2.4}
) has been already used, duplicate ignored
<to be read again> 
                   \relax 
l.270 \begin{equation}
                      

LaTeX Warning: Reference `eq: inital model with scaling' on page 6 undefined on
 input line 302.


LaTeX Warning: Reference `expansion_psi' on page 6 undefined on input line 302.



LaTeX Warning: Reference `hypo1' on page 6 undefined on input line 302.


LaTeX Warning: Reference `hypo2' on page 6 undefined on input line 302.


LaTeX Warning: Reference `TepsFeps' on page 6 undefined on input line 311.


LaTeX Warning: Reference `expansion_psi' on page 6 undefined on input line 323.


[6
pdfTeX warning (ext4): destination with the same identifier (name{equation.2.7}
) has been already used, duplicate ignored
<argument> ...shipout:D \box_use:N \l_shipout_box 
                                                  \__shipout_drop_firstpage_...
l.326 \end{align}
                 
pdfTeX warning (ext4): destination with the same identifier (name{equation.2.7}
) has been already used, duplicate ignored
<argument> ...shipout:D \box_use:N \l_shipout_box 
                                                  \__shipout_drop_firstpage_...
l.326 \end{align}
                 ]

LaTeX Warning: Reference `hypo1' on page 7 undefined on input line 327.


LaTeX Warning: Reference `hypo2' on page 7 undefined on input line 327.


LaTeX Warning: Reference `eq: inital model with scaling' on page 7 undefined on
 input line 333.


LaTeX Warning: Reference `eq: epsilon2' on page 7 undefined on input line 346.


LaTeX Warning: Reference `hypo1' on page 7 undefined on input line 346.


LaTeX Warning: Reference `eq: epsilon0' on page 7 undefined on input line 350.


LaTeX Warning: Reference `eq: epsilon1' on page 7 undefined on input line 350.


LaTeX Warning: Reference `eq: mean direction' on page 7 undefined on input line
 354.


LaTeX Warning: Reference `eq: macroscopic equation' on page 7 undefined on inpu
t line 354.


LaTeX Warning: Reference `hypo2' on page 7 undefined on input line 359.


LaTeX Warning: Reference `eq: macroscopic equation1' on page 7 undefined on inp
ut line 359.


LaTeX Warning: Reference `eq: macroscopic coefficients' on page 7 undefined on 
input line 359.


LaTeX Warning: Citation `wang2007classical' on page 7 undefined on input line 3
64.


LaTeX Warning: Reference `eq: macroscopic equation1' on page 7 undefined on inp
ut line 364.


LaTeX Warning: Citation `othmer2002diffusion' on page 7 undefined on input line
 367.


LaTeX Warning: Reference `hypo2' on page 7 undefined on input line 367.

[7]

LaTeX Warning: Reference `eq: inital model without scaling' on page 8 undefined
 on input line 371.


LaTeX Warning: Reference `eq: macroscopic equation1' on page 8 undefined on inp
ut line 376.


LaTeX Warning: Reference `eq: macroscopic equation1' on page 8 undefined on inp
ut line 377.


LaTeX Warning: Citation `calvez2006volume' on page 8 undefined on input line 37
9.


LaTeX Warning: Citation `carrillo2001entropy' on page 8 undefined on input line
 379.


LaTeX Warning: Citation `de2018energy' on page 8 undefined on input line 379.


LaTeX Warning: Reference `eq: macroscopic equation1' on page 8 undefined on inp
ut line 381.


LaTeX Warning: Reference `elliptic_c' on page 8 undefined on input line 398.


LaTeX Warning: Reference `eq: new version of macro' on page 8 undefined on inpu
t line 398.


LaTeX Warning: Reference `def:energy_macro' on page 8 undefined on input line 4
02.


LaTeX Warning: Reference `eq: new version of macro' on page 8 undefined on inpu
t line 408.


LaTeX Warning: Reference `prop:energy' on page 8 undefined on input line 422.


LaTeX Warning: Reference `prop:energy' on page 8 undefined on input line 427.

[8]

LaTeX Warning: Reference `TepsFeps' on page 9 undefined on input line 438.


LaTeX Warning: Reference `eq: F scaled' on page 9 undefined on input line 440.


LaTeX Warning: Reference `eq: turning operator scaled' on page 9 undefined on i
nput line 440.


LaTeX Warning: Reference `theorem1' on page 9 undefined on input line 451.


LaTeX Warning: Reference `eq:kinetic_approx' on page 9 undefined on input line 
451.


LaTeX Warning: Reference `eq: macroscopic equation1' on page 9 undefined on inp
ut line 451.


LaTeX Warning: Reference `def:f_decompose' on page 9 undefined on input line 46
6.


LaTeX Warning: Reference `eq:kinetic_approx' on page 9 undefined on input line 
466.

[9]

LaTeX Warning: Reference `eq:kinetic_approx' on page 10 undefined on input line
 501.


LaTeX Warning: Reference `def:f_decompose' on page 10 undefined on input line 5
07.


LaTeX Warning: Reference `eq:g_macro' on page 10 undefined on input line 525.


LaTeX Warning: Reference `eq:rho_macro' on page 10 undefined on input line 534.



LaTeX Warning: Reference `subsec:energy' on page 10 undefined on input line 543
.


LaTeX Warning: Reference `rem 6' on page 10 undefined on input line 543.


LaTeX Warning: Reference `eq:macro_proliferation' on page 10 undefined on input
 line 543.


LaTeX Warning: Reference `sec:appendix-FD-2D' on page 10 undefined on input lin
e 548.

[10]

LaTeX Warning: Citation `de2018energy' on page 11 undefined on input line 601.


LaTeX Warning: Reference `eq: macroscopic equation1' on page 11 undefined on in
put line 602.


LaTeX Warning: Reference `eq:macro_micro' on page 11 undefined on input line 60
3.


LaTeX Warning: Reference `eq:macro_micro' on page 11 undefined on input line 60
3.


LaTeX Warning: Reference `eq:macro_micro' on page 11 undefined on input line 60
6.

[11]

LaTeX Warning: Citation `LemouMieussens' on page 12 undefined on input line 630
.


LaTeX Warning: Reference `eq:scheme' on page 12 undefined on input line 630.


LaTeX Warning: Reference `eq:scheme' on page 12 undefined on input line 631.


LaTeX Warning: Reference `eq:tilde_g' on page 12 undefined on input line 647.


LaTeX Warning: Reference `eq:tilde_g' on page 12 undefined on input line 663.


LaTeX Warning: Reference `eq:scheme' on page 12 undefined on input line 663.


LaTeX Warning: Reference `expression:g' on page 12 undefined on input line 664.



LaTeX Warning: Reference `eq:scheme' on page 12 undefined on input line 664.

[12]

LaTeX Warning: Reference `eq:rho_n' on page 13 undefined on input line 683.


LaTeX Warning: Reference `expression:g' on page 13 undefined on input line 684.



LaTeX Warning: Reference `eq:scheme' on page 13 undefined on input line 685.


LaTeX Warning: Reference `eq:scheme' on page 13 undefined on input line 688.


LaTeX Warning: Reference `eq:kinetic_approx' on page 13 undefined on input line
 688.


LaTeX Warning: Reference `eq: macroscopic equation1' on page 13 undefined on in
put line 688.


LaTeX Warning: Reference `eq:macro_proliferation' on page 13 undefined on input
 line 688.


LaTeX Warning: Reference `eq:scheme' on page 13 undefined on input line 689.


LaTeX Warning: Reference `def:Dh' on page 13 undefined on input line 701.


LaTeX Warning: Reference `qg_expression' on page 13 undefined on input line 701
.


LaTeX Warning: Reference `proof:qg_int' on page 13 undefined on input line 707.



LaTeX Warning: Reference `eq:scheme' on page 13 undefined on input line 707.


LaTeX Warning: Reference `eq:macro_proliferation' on page 13 undefined on input
 line 717.


LaTeX Warning: Reference `eq:scheme' on page 13 undefined on input line 718.


LaTeX Warning: Reference `eq:rho_n' on page 13 undefined on input line 724.


LaTeX Warning: Reference `scheme:limit' on page 13 undefined on input line 725.



LaTeX Warning: Reference `cfl' on page 13 undefined on input line 738.


LaTeX Warning: Reference `scheme:limit' on page 13 undefined on input line 739.



LaTeX Warning: Reference `def:Phi' on page 13 undefined on input line 749.


LaTeX Warning: Reference `scheme:limit' on page 13 undefined on input line 749.


[13]

LaTeX Warning: Reference `scheme:macro_matrix' on page 14 undefined on input li
ne 777.


LaTeX Warning: Reference `scheme:macro_matrix' on page 14 undefined on input li
ne 783.


Overfull \hbox (2.5124pt too wide) detected at line 790
[]
 []

[14]

LaTeX Warning: Reference `cfl1' on page 15 undefined on input line 816.


LaTeX Warning: Reference `cfl2' on page 15 undefined on input line 816.


LaTeX Warning: Reference `cfl' on page 15 undefined on input line 816.


LaTeX Warning: Reference `eq:kinetic_approx' on page 15 undefined on input line
 824.


LaTeX Warning: Reference `eq:scheme' on page 15 undefined on input line 824.


LaTeX Warning: Reference `eq:macro_micro' on page 15 undefined on input line 82
4.


LaTeX Warning: Reference `eq:macro_proliferation' on page 15 undefined on input
 line 824.


LaTeX Warning: Reference `scheme:limit' on page 15 undefined on input line 824.



LaTeX Warning: Reference `subsec:energy' on page 15 undefined on input line 826
.


LaTeX Warning: Citation `calvez2006volume' on page 15 undefined on input line 8
26.


LaTeX Warning: Citation `carrillo2001entropy' on page 15 undefined on input lin
e 826.


LaTeX Warning: Citation `de2018energy' on page 15 undefined on input line 826.


LaTeX Warning: Reference `eq:macro_proliferation' on page 15 undefined on input
 line 826.


LaTeX Warning: Reference `functionPhi' on page 15 undefined on input line 831.


LaTeX Warning: Reference `def:energy' on page 15 undefined on input line 835.


LaTeX Warning: Reference `def:energy' on page 15 undefined on input line 836.


LaTeX Warning: Reference `hypo1' on page 15 undefined on input line 847.


LaTeX Warning: Reference `hypo2' on page 15 undefined on input line 847.

[15]

LaTeX Warning: Reference `eq:scheme' on page 16 undefined on input line 849.

Package epstopdf Info: Source file: <stab_test.eps>
(epstopdf)                    date: 2025-03-27 07:44:14
(epstopdf)                    size: 37869 bytes
(epstopdf)             Output file: <stab_test-eps-converted-to.pdf>
(epstopdf)                    date: 2025-05-13 17:31:25
(epstopdf)                    size: 9647 bytes
(epstopdf)             Command: <repstopdf --outfile=stab_test-eps-converted-to
.pdf stab_test.eps>
(epstopdf)             \includegraphics on input line 856.
Package epstopdf Info: Output file is already uptodate.
<stab_test-eps-converted-to.pdf, id=158, 562.1pt x 421.575pt>
File: stab_test-eps-converted-to.pdf Graphic file (type pdf)
<use stab_test-eps-converted-to.pdf>
Package pdftex.def Info: stab_test-eps-converted-to.pdf  used on input line 856
.
(pdftex.def)             Requested size: 168.6313pt x 126.47346pt.
Package epstopdf Info: Source file: <efficiency_test.eps>
(epstopdf)                    date: 2025-03-27 07:44:14
(epstopdf)                    size: 31114 bytes
(epstopdf)             Output file: <efficiency_test-eps-converted-to.pdf>
(epstopdf)                    date: 2025-05-13 17:31:25
(epstopdf)                    size: 16042 bytes
(epstopdf)             Command: <repstopdf --outfile=efficiency_test-eps-conver
ted-to.pdf efficiency_test.eps>
(epstopdf)             \includegraphics on input line 856.
Package epstopdf Info: Output file is already uptodate.
<efficiency_test-eps-converted-to.pdf, id=159, 562.1pt x 421.575pt>
File: efficiency_test-eps-converted-to.pdf Graphic file (type pdf)
<use efficiency_test-eps-converted-to.pdf>
Package pdftex.def Info: efficiency_test-eps-converted-to.pdf  used on input li
ne 856.
(pdftex.def)             Requested size: 168.6313pt x 126.47346pt.

LaTeX Warning: Reference `fig:density_eps_A_20' on page 16 undefined on input l
ine 868.

Package epstopdf Info: Source file: <check_A_20_T_5.eps>
(epstopdf)                    date: 2025-03-27 07:44:14
(epstopdf)                    size: 89815 bytes
(epstopdf)             Output file: <check_A_20_T_5-eps-converted-to.pdf>
(epstopdf)                    date: 2025-05-13 17:31:26
(epstopdf)                    size: 49458 bytes
(epstopdf)             Command: <repstopdf --outfile=check_A_20_T_5-eps-convert
ed-to.pdf check_A_20_T_5.eps>
(epstopdf)             \includegraphics on input line 873.
Package epstopdf Info: Output file is already uptodate.
<check_A_20_T_5-eps-converted-to.pdf, id=160, 562.1pt x 421.575pt>
File: check_A_20_T_5-eps-converted-to.pdf Graphic file (type pdf)
<use check_A_20_T_5-eps-converted-to.pdf>
Package pdftex.def Info: check_A_20_T_5-eps-converted-to.pdf  used on input lin
e 873.
(pdftex.def)             Requested size: 168.6313pt x 126.47346pt.
Package epstopdf Info: Source file: <check_A_20_T_20.eps>
(epstopdf)                    date: 2025-03-27 07:44:14
(epstopdf)                    size: 89575 bytes
(epstopdf)             Output file: <check_A_20_T_20-eps-converted-to.pdf>
(epstopdf)                    date: 2025-05-13 17:31:26
(epstopdf)                    size: 49125 bytes
(epstopdf)             Command: <repstopdf --outfile=check_A_20_T_20-eps-conver
ted-to.pdf check_A_20_T_20.eps>
(epstopdf)             \includegraphics on input line 873.
Package epstopdf Info: Output file is already uptodate.
<check_A_20_T_20-eps-converted-to.pdf, id=161, 562.1pt x 421.575pt>
File: check_A_20_T_20-eps-converted-to.pdf Graphic file (type pdf)
<use check_A_20_T_20-eps-converted-to.pdf>
Package pdftex.def Info: check_A_20_T_20-eps-converted-to.pdf  used on input li
ne 873.
(pdftex.def)             Requested size: 168.6313pt x 126.47346pt.
Package epstopdf Info: Source file: <check_A_20_T_32.eps>
(epstopdf)                    date: 2025-03-27 07:44:12
(epstopdf)                    size: 90484 bytes
(epstopdf)             Output file: <check_A_20_T_32-eps-converted-to.pdf>
(epstopdf)                    date: 2025-05-13 17:31:26
(epstopdf)                    size: 49672 bytes
(epstopdf)             Command: <repstopdf --outfile=check_A_20_T_32-eps-conver
ted-to.pdf check_A_20_T_32.eps>
(epstopdf)             \includegraphics on input line 876.
Package epstopdf Info: Output file is already uptodate.
<check_A_20_T_32-eps-converted-to.pdf, id=162, 562.1pt x 421.575pt>
File: check_A_20_T_32-eps-converted-to.pdf Graphic file (type pdf)
<use check_A_20_T_32-eps-converted-to.pdf>
Package pdftex.def Info: check_A_20_T_32-eps-converted-to.pdf  used on input li
ne 876.
(pdftex.def)             Requested size: 168.6313pt x 126.47346pt.
Package epstopdf Info: Source file: <check_A_20_T_40.eps>
(epstopdf)                    date: 2025-03-27 07:44:12
(epstopdf)                    size: 88853 bytes
(epstopdf)             Output file: <check_A_20_T_40-eps-converted-to.pdf>
(epstopdf)                    date: 2025-05-13 17:31:26
(epstopdf)                    size: 48541 bytes
(epstopdf)             Command: <repstopdf --outfile=check_A_20_T_40-eps-conver
ted-to.pdf check_A_20_T_40.eps>
(epstopdf)             \includegraphics on input line 876.
Package epstopdf Info: Output file is already uptodate.
<check_A_20_T_40-eps-converted-to.pdf, id=163, 562.1pt x 421.575pt>
File: check_A_20_T_40-eps-converted-to.pdf Graphic file (type pdf)
<use check_A_20_T_40-eps-converted-to.pdf>
Package pdftex.def Info: check_A_20_T_40-eps-converted-to.pdf  used on input li
ne 876.
(pdftex.def)             Requested size: 168.6313pt x 126.47346pt.
[16 <./stab_test-eps-converted-to.pdf> <./efficiency_test-eps-converted-to.pdf>
]

LaTeX Warning: Reference `fig:plot_energy_w_sol' on page 17 undefined on input 
line 882.


LaTeX Warning: Reference `def:energy' on page 17 undefined on input line 882.


LaTeX Warning: Reference `subsec:energy' on page 17 undefined on input line 882
.


LaTeX Warning: Reference `def:energy' on page 17 undefined on input line 882.


LaTeX Warning: Reference `fig:plot_energy_time' on page 17 undefined on input l
ine 884.


LaTeX Warning: Reference `fig:plot_energy_w_sol' on page 17 undefined on input 
line 884.


LaTeX Warning: Reference `fig:plot_energy_time' on page 17 undefined on input l
ine 887.


LaTeX Warning: Reference `fig:plot_energy_time' on page 17 undefined on input l
ine 887.


LaTeX Warning: Reference `fig:plot_energy_w_sol' on page 17 undefined on input 
line 887.


LaTeX Warning: Citation `Alt1980' on page 17 undefined on input line 887.


LaTeX Warning: Citation `patlak1953random' on page 17 undefined on input line 8
87.


LaTeX Warning: Citation `Hillen2009' on page 17 undefined on input line 887.


LaTeX Warning: Citation `painter2002volume' on page 17 undefined on input line 
887.

[17 <./check_A_20_T_5-eps-converted-to.pdf> <./check_A_20_T_20-eps-converted-to
.pdf> <./check_A_20_T_32-eps-converted-to.pdf> <./check_A_20_T_40-eps-converted
-to.pdf>]
Package epstopdf Info: Source file: <energy_A_20_T_50_w_sol.eps>
(epstopdf)                    date: 2025-03-27 07:44:12
(epstopdf)                    size: 217665 bytes
(epstopdf)             Output file: <energy_A_20_T_50_w_sol-eps-converted-to.pd
f>
(epstopdf)                    date: 2025-05-13 17:31:26
(epstopdf)                    size: 123449 bytes
(epstopdf)             Command: <repstopdf --outfile=energy_A_20_T_50_w_sol-eps
-converted-to.pdf energy_A_20_T_50_w_sol.eps>
(epstopdf)             \includegraphics on input line 891.
Package epstopdf Info: Output file is already uptodate.
<energy_A_20_T_50_w_sol-eps-converted-to.pdf, id=198, 1428.33624pt x 547.04375p
t>
File: energy_A_20_T_50_w_sol-eps-converted-to.pdf Graphic file (type pdf)
<use energy_A_20_T_50_w_sol-eps-converted-to.pdf>
Package pdftex.def Info: energy_A_20_T_50_w_sol-eps-converted-to.pdf  used on i
nput line 891.
(pdftex.def)             Requested size: 428.50418pt x 164.11438pt.
Package epstopdf Info: Source file: <l2_relative_err_evolution_A_20_T_50.eps>
(epstopdf)                    date: 2025-03-27 07:44:14
(epstopdf)                    size: 128895 bytes
(epstopdf)             Output file: <l2_relative_err_evolution_A_20_T_50-eps-co
nverted-to.pdf>
(epstopdf)                    date: 2025-05-13 17:31:27
(epstopdf)                    size: 55331 bytes
(epstopdf)             Command: <repstopdf --outfile=l2_relative_err_evolution_
A_20_T_50-eps-converted-to.pdf l2_relative_err_evolution_A_20_T_50.eps>
(epstopdf)             \includegraphics on input line 900.
Package epstopdf Info: Output file is already uptodate.
<l2_relative_err_evolution_A_20_T_50-eps-converted-to.pdf, id=199, 562.1pt x 42
1.575pt>
File: l2_relative_err_evolution_A_20_T_50-eps-converted-to.pdf Graphic file (ty
pe pdf)
<use l2_relative_err_evolution_A_20_T_50-eps-converted-to.pdf>
Package pdftex.def Info: l2_relative_err_evolution_A_20_T_50-eps-converted-to.p
df  used on input line 900.
(pdftex.def)             Requested size: 168.6313pt x 126.47346pt.
Package epstopdf Info: Source file: <check_l2_relative_err_A_20.eps>
(epstopdf)                    date: 2025-03-27 07:44:12
(epstopdf)                    size: 121103 bytes
(epstopdf)             Output file: <check_l2_relative_err_A_20-eps-converted-t
o.pdf>
(epstopdf)                    date: 2025-05-13 17:31:27
(epstopdf)                    size: 61744 bytes
(epstopdf)             Command: <repstopdf --outfile=check_l2_relative_err_A_20
-eps-converted-to.pdf check_l2_relative_err_A_20.eps>
(epstopdf)             \includegraphics on input line 900.
Package epstopdf Info: Output file is already uptodate.
<check_l2_relative_err_A_20-eps-converted-to.pdf, id=200, 562.1pt x 421.575pt>
File: check_l2_relative_err_A_20-eps-converted-to.pdf Graphic file (type pdf)
<use check_l2_relative_err_A_20-eps-converted-to.pdf>
Package pdftex.def Info: check_l2_relative_err_A_20-eps-converted-to.pdf  used 
on input line 900.
(pdftex.def)             Requested size: 168.6313pt x 126.47346pt.


LaTeX Warning: Reference `fig:density_eps_A_20' on page 18 undefined on input l
ine 901.


Underfull \hbox (badness 10000) in paragraph at lines 901--901
\OT1/cmr/m/sc/10 Figure 4.[]\OT1/cmr/m/n/10 Left: Evo-lu-tion of the rel-a-tive
 $\OML/cmm/m/it/10 L[]$\OT1/cmr/m/n/10 -error
 []


LaTeX Warning: Reference `eq:macro_proliferation' on page 18 undefined on input
 line 908.


LaTeX Warning: Citation `almeida2020treatment' on page 18 undefined on input li
ne 908.


LaTeX Warning: Reference `eq:kinetic_approx' on page 18 undefined on input line
 912.


LaTeX Warning: Reference `eq:macro_proliferation' on page 18 undefined on input
 line 912.

[18 <./energy_A_20_T_50_w_sol-eps-converted-to.pdf>]

LaTeX Warning: Reference `subsec:energy_dissipation' on page 19 undefined on in
put line 928.


LaTeX Warning: Citation `almeida2020treatment' on page 19 undefined on input li
ne 928.

Package epstopdf Info: Source file: <compare_k_T_1.eps>
(epstopdf)                    date: 2025-03-27 07:44:14
(epstopdf)                    size: 87542 bytes
(epstopdf)             Output file: <compare_k_T_1-eps-converted-to.pdf>
(epstopdf)                    date: 2025-05-13 17:31:27
(epstopdf)                    size: 39896 bytes
(epstopdf)             Command: <repstopdf --outfile=compare_k_T_1-eps-converte
d-to.pdf compare_k_T_1.eps>
(epstopdf)             \includegraphics on input line 938.
Package epstopdf Info: Output file is already uptodate.
<compare_k_T_1-eps-converted-to.pdf, id=211, 562.1pt x 421.575pt>
File: compare_k_T_1-eps-converted-to.pdf Graphic file (type pdf)
<use compare_k_T_1-eps-converted-to.pdf>
Package pdftex.def Info: compare_k_T_1-eps-converted-to.pdf  used on input line
 938.
(pdftex.def)             Requested size: 168.6313pt x 126.47346pt.
Package epstopdf Info: Source file: <compare_k_T_20.eps>
(epstopdf)                    date: 2025-03-27 07:44:14
(epstopdf)                    size: 89295 bytes
(epstopdf)             Output file: <compare_k_T_20-eps-converted-to.pdf>
(epstopdf)                    date: 2025-05-13 17:31:27
(epstopdf)                    size: 41050 bytes
(epstopdf)             Command: <repstopdf --outfile=compare_k_T_20-eps-convert
ed-to.pdf compare_k_T_20.eps>
(epstopdf)             \includegraphics on input line 938.
Package epstopdf Info: Output file is already uptodate.
<compare_k_T_20-eps-converted-to.pdf, id=212, 562.1pt x 421.575pt>
File: compare_k_T_20-eps-converted-to.pdf Graphic file (type pdf)
<use compare_k_T_20-eps-converted-to.pdf>
Package pdftex.def Info: compare_k_T_20-eps-converted-to.pdf  used on input lin
e 938.
(pdftex.def)             Requested size: 168.6313pt x 126.47346pt.

LaTeX Warning: Reference `fig:k2_inv_compare' on page 19 undefined on input lin
e 944.


LaTeX Warning: Citation `almeida2020treatment' on page 19 undefined on input li
ne 946.


LaTeX Warning: Reference `fig:k2_inv_compare' on page 19 undefined on input lin
e 950.


LaTeX Warning: Citation `almeida2020treatment' on page 19 undefined on input li
ne 952.

[19 <./l2_relative_err_evolution_A_20_T_50-eps-converted-to.pdf> <./check_l2_re
lative_err_A_20-eps-converted-to.pdf> <./compare_k_T_1-eps-converted-to.pdf> <.
/compare_k_T_20-eps-converted-to.pdf>]

LaTeX Warning: Reference `eq:scheme' on page 20 undefined on input line 956.


LaTeX Warning: Reference `scheme:limit' on page 20 undefined on input line 956.



LaTeX Warning: Reference `sec:appendix-FD-2D' on page 20 undefined on input lin
e 956.


LaTeX Warning: Reference `eq:kinetic_approx' on page 20 undefined on input line
 958.


LaTeX Warning: Reference `eq:macro_proliferation' on page 20 undefined on input
 line 958.


LaTeX Warning: Reference `eq:kinetic_approx' on page 20 undefined on input line
 960.


LaTeX Warning: Reference `hypo1' on page 20 undefined on input line 965.


LaTeX Warning: Reference `hypo2' on page 20 undefined on input line 965.


LaTeX Warning: Reference `fig:2D_macro' on page 20 undefined on input line 973.



LaTeX Warning: Citation `almeida2020treatment' on page 20 undefined on input li
ne 973.


LaTeX Warning: Reference `fig:k2_inv_compare' on page 20 undefined on input lin
e 973.


Overfull \hbox (5.11835pt too wide) in paragraph at lines 971--974
\OT1/cmr/m/n/10 where $\OML/cmm/m/it/10 u\OT1/cmr/m/n/10 (\OML/cmm/m/it/10 x\OT
1/cmr/m/n/10 )$ is a ran-domly cho-sen uni-formly dis-tributed func-tion rang-i
ng in $(\OMS/cmsy/m/n/10 ^^@\OT1/cmr/m/n/10 0\OML/cmm/m/it/10 :\OT1/cmr/m/n/10 
1\OML/cmm/m/it/10 ; \OT1/cmr/m/n/10 0\OML/cmm/m/it/10 :\OT1/cmr/m/n/10 1)$.
 []


LaTeX Warning: Reference `fig:2D_convergence_sol' on page 20 undefined on input
 line 975.


LaTeX Warning: Citation `painter2002volume' on page 20 undefined on input line 
977.

[20]

LaTeX Warning: Reference `fig:2D_convergence' on page 21 undefined on input lin
e 980.


LaTeX Warning: Reference `fig:2D_convergence' on page 21 undefined on input lin
e 980.

Package epstopdf Info: Source file: <sol2D_A_6_T_5.eps>
(epstopdf)                    date: 2025-03-27 07:44:14
(epstopdf)                    size: 79170 bytes
(epstopdf)             Output file: <sol2D_A_6_T_5-eps-converted-to.pdf>
(epstopdf)                    date: 2025-05-13 17:31:28
(epstopdf)                    size: 53208 bytes
(epstopdf)             Command: <repstopdf --outfile=sol2D_A_6_T_5-eps-converte
d-to.pdf sol2D_A_6_T_5.eps>
(epstopdf)             \includegraphics on input line 987.
Package epstopdf Info: Output file is already uptodate.
<sol2D_A_6_T_5-eps-converted-to.pdf, id=240, 562.1pt x 421.575pt>
File: sol2D_A_6_T_5-eps-converted-to.pdf Graphic file (type pdf)
<use sol2D_A_6_T_5-eps-converted-to.pdf>
Package pdftex.def Info: sol2D_A_6_T_5-eps-converted-to.pdf  used on input line
 987.
(pdftex.def)             Requested size: 112.418pt x 84.31349pt.
Package epstopdf Info: Source file: <sol2D_A_20_T_5.eps>
(epstopdf)                    date: 2025-03-27 07:44:14
(epstopdf)                    size: 82257 bytes
(epstopdf)             Output file: <sol2D_A_20_T_5-eps-converted-to.pdf>
(epstopdf)                    date: 2025-05-13 17:31:28
(epstopdf)                    size: 58249 bytes
(epstopdf)             Command: <repstopdf --outfile=sol2D_A_20_T_5-eps-convert
ed-to.pdf sol2D_A_20_T_5.eps>
(epstopdf)             \includegraphics on input line 987.
Package epstopdf Info: Output file is already uptodate.
<sol2D_A_20_T_5-eps-converted-to.pdf, id=241, 562.1pt x 421.575pt>
File: sol2D_A_20_T_5-eps-converted-to.pdf Graphic file (type pdf)
<use sol2D_A_20_T_5-eps-converted-to.pdf>
Package pdftex.def Info: sol2D_A_20_T_5-eps-converted-to.pdf  used on input lin
e 987.
(pdftex.def)             Requested size: 112.418pt x 84.31349pt.
Package epstopdf Info: Source file: <sol2D_A_50_T_5.eps>
(epstopdf)                    date: 2025-03-27 07:44:14
(epstopdf)                    size: 77592 bytes
(epstopdf)             Output file: <sol2D_A_50_T_5-eps-converted-to.pdf>
(epstopdf)                    date: 2025-05-13 17:31:28
(epstopdf)                    size: 53140 bytes
(epstopdf)             Command: <repstopdf --outfile=sol2D_A_50_T_5-eps-convert
ed-to.pdf sol2D_A_50_T_5.eps>
(epstopdf)             \includegraphics on input line 987.
Package epstopdf Info: Output file is already uptodate.
<sol2D_A_50_T_5-eps-converted-to.pdf, id=242, 562.1pt x 421.575pt>
File: sol2D_A_50_T_5-eps-converted-to.pdf Graphic file (type pdf)
<use sol2D_A_50_T_5-eps-converted-to.pdf>
Package pdftex.def Info: sol2D_A_50_T_5-eps-converted-to.pdf  used on input lin
e 987.
(pdftex.def)             Requested size: 112.418pt x 84.31349pt.
Package epstopdf Info: Source file: <sol2D_A_6_T_20.eps>
(epstopdf)                    date: 2025-03-27 07:44:14
(epstopdf)                    size: 78191 bytes
(epstopdf)             Output file: <sol2D_A_6_T_20-eps-converted-to.pdf>
(epstopdf)                    date: 2025-05-13 17:31:28
(epstopdf)                    size: 50821 bytes
(epstopdf)             Command: <repstopdf --outfile=sol2D_A_6_T_20-eps-convert
ed-to.pdf sol2D_A_6_T_20.eps>
(epstopdf)             \includegraphics on input line 992.
Package epstopdf Info: Output file is already uptodate.
<sol2D_A_6_T_20-eps-converted-to.pdf, id=243, 562.1pt x 421.575pt>
File: sol2D_A_6_T_20-eps-converted-to.pdf Graphic file (type pdf)
<use sol2D_A_6_T_20-eps-converted-to.pdf>
Package pdftex.def Info: sol2D_A_6_T_20-eps-converted-to.pdf  used on input lin
e 992.
(pdftex.def)             Requested size: 112.418pt x 84.31349pt.
Package epstopdf Info: Source file: <sol2D_A_20_T_20.eps>
(epstopdf)                    date: 2025-03-27 07:44:14
(epstopdf)                    size: 79795 bytes
(epstopdf)             Output file: <sol2D_A_20_T_20-eps-converted-to.pdf>
(epstopdf)                    date: 2025-05-13 17:31:28
(epstopdf)                    size: 55508 bytes
(epstopdf)             Command: <repstopdf --outfile=sol2D_A_20_T_20-eps-conver
ted-to.pdf sol2D_A_20_T_20.eps>
(epstopdf)             \includegraphics on input line 992.
Package epstopdf Info: Output file is already uptodate.
<sol2D_A_20_T_20-eps-converted-to.pdf, id=244, 562.1pt x 421.575pt>
File: sol2D_A_20_T_20-eps-converted-to.pdf Graphic file (type pdf)
<use sol2D_A_20_T_20-eps-converted-to.pdf>
Package pdftex.def Info: sol2D_A_20_T_20-eps-converted-to.pdf  used on input li
ne 992.
(pdftex.def)             Requested size: 112.418pt x 84.31349pt.
Package epstopdf Info: Source file: <sol2D_A_50_T_20.eps>
(epstopdf)                    date: 2025-03-27 07:44:14
(epstopdf)                    size: 74717 bytes
(epstopdf)             Output file: <sol2D_A_50_T_20-eps-converted-to.pdf>
(epstopdf)                    date: 2025-05-13 17:31:29
(epstopdf)                    size: 47068 bytes
(epstopdf)             Command: <repstopdf --outfile=sol2D_A_50_T_20-eps-conver
ted-to.pdf sol2D_A_50_T_20.eps>
(epstopdf)             \includegraphics on input line 992.
Package epstopdf Info: Output file is already uptodate.
<sol2D_A_50_T_20-eps-converted-to.pdf, id=245, 562.1pt x 421.575pt>
File: sol2D_A_50_T_20-eps-converted-to.pdf Graphic file (type pdf)
<use sol2D_A_50_T_20-eps-converted-to.pdf>
Package pdftex.def Info: sol2D_A_50_T_20-eps-converted-to.pdf  used on input li
ne 992.
(pdftex.def)             Requested size: 112.418pt x 84.31349pt.
Package epstopdf Info: Source file: <sol2D_A_6_T_50.eps>
(epstopdf)                    date: 2025-03-27 07:44:14
(epstopdf)                    size: 76502 bytes
(epstopdf)             Output file: <sol2D_A_6_T_50-eps-converted-to.pdf>
(epstopdf)                    date: 2025-05-13 17:31:29
(epstopdf)                    size: 49037 bytes
(epstopdf)             Command: <repstopdf --outfile=sol2D_A_6_T_50-eps-convert
ed-to.pdf sol2D_A_6_T_50.eps>
(epstopdf)             \includegraphics on input line 997.
Package epstopdf Info: Output file is already uptodate.
<sol2D_A_6_T_50-eps-converted-to.pdf, id=246, 562.1pt x 421.575pt>
File: sol2D_A_6_T_50-eps-converted-to.pdf Graphic file (type pdf)
<use sol2D_A_6_T_50-eps-converted-to.pdf>
Package pdftex.def Info: sol2D_A_6_T_50-eps-converted-to.pdf  used on input lin
e 997.
(pdftex.def)             Requested size: 112.418pt x 84.31349pt.
Package epstopdf Info: Source file: <sol2D_A_20_T_50.eps>
(epstopdf)                    date: 2025-03-27 07:44:14
(epstopdf)                    size: 76057 bytes
(epstopdf)             Output file: <sol2D_A_20_T_50-eps-converted-to.pdf>
(epstopdf)                    date: 2025-05-13 17:31:29
(epstopdf)                    size: 49418 bytes
(epstopdf)             Command: <repstopdf --outfile=sol2D_A_20_T_50-eps-conver
ted-to.pdf sol2D_A_20_T_50.eps>
(epstopdf)             \includegraphics on input line 997.
Package epstopdf Info: Output file is already uptodate.
<sol2D_A_20_T_50-eps-converted-to.pdf, id=247, 562.1pt x 421.575pt>
File: sol2D_A_20_T_50-eps-converted-to.pdf Graphic file (type pdf)
<use sol2D_A_20_T_50-eps-converted-to.pdf>
Package pdftex.def Info: sol2D_A_20_T_50-eps-converted-to.pdf  used on input li
ne 997.
(pdftex.def)             Requested size: 112.418pt x 84.31349pt.
Package epstopdf Info: Source file: <sol2D_A_50_T_50.eps>
(epstopdf)                    date: 2025-03-27 07:44:14
(epstopdf)                    size: 69512 bytes
(epstopdf)             Output file: <sol2D_A_50_T_50-eps-converted-to.pdf>
(epstopdf)                    date: 2025-05-13 17:31:29
(epstopdf)                    size: 42376 bytes
(epstopdf)             Command: <repstopdf --outfile=sol2D_A_50_T_50-eps-conver
ted-to.pdf sol2D_A_50_T_50.eps>
(epstopdf)             \includegraphics on input line 997.
Package epstopdf Info: Output file is already uptodate.
<sol2D_A_50_T_50-eps-converted-to.pdf, id=248, 562.1pt x 421.575pt>
File: sol2D_A_50_T_50-eps-converted-to.pdf Graphic file (type pdf)
<use sol2D_A_50_T_50-eps-converted-to.pdf>
Package pdftex.def Info: sol2D_A_50_T_50-eps-converted-to.pdf  used on input li
ne 997.
(pdftex.def)             Requested size: 112.418pt x 84.31349pt.
Package epstopdf Info: Source file: <Fig_2D_A_20_eps_1e-01_T_20_init_1.eps>
(epstopdf)                    date: 2025-03-27 07:44:14
(epstopdf)                    size: 61394 bytes
(epstopdf)             Output file: <Fig_2D_A_20_eps_1e-01_T_20_init_1-eps-conv
erted-to.pdf>
(epstopdf)                    date: 2025-05-13 17:31:30
(epstopdf)                    size: 48622 bytes
(epstopdf)             Command: <repstopdf --outfile=Fig_2D_A_20_eps_1e-01_T_20
_init_1-eps-converted-to.pdf Fig_2D_A_20_eps_1e-01_T_20_init_1.eps>
(epstopdf)             \includegraphics on input line 1027.
Package epstopdf Info: Output file is already uptodate.
<Fig_2D_A_20_eps_1e-01_T_20_init_1-eps-converted-to.pdf, id=249, 514.92375pt x 
411.5375pt>
File: Fig_2D_A_20_eps_1e-01_T_20_init_1-eps-converted-to.pdf Graphic file (type
 pdf)
<use Fig_2D_A_20_eps_1e-01_T_20_init_1-eps-converted-to.pdf>
Package pdftex.def Info: Fig_2D_A_20_eps_1e-01_T_20_init_1-eps-converted-to.pdf
  used on input line 1027.
(pdftex.def)             Requested size: 102.98293pt x 82.30603pt.
Package epstopdf Info: Source file: <Fig_2D_A_20_eps_1e-02_T_20_init_1.eps>
(epstopdf)                    date: 2025-03-27 07:44:14
(epstopdf)                    size: 62586 bytes
(epstopdf)             Output file: <Fig_2D_A_20_eps_1e-02_T_20_init_1-eps-conv
erted-to.pdf>
(epstopdf)                    date: 2025-05-13 17:31:30
(epstopdf)                    size: 49089 bytes
(epstopdf)             Command: <repstopdf --outfile=Fig_2D_A_20_eps_1e-02_T_20
_init_1-eps-converted-to.pdf Fig_2D_A_20_eps_1e-02_T_20_init_1.eps>
(epstopdf)             \includegraphics on input line 1027.
Package epstopdf Info: Output file is already uptodate.
<Fig_2D_A_20_eps_1e-02_T_20_init_1-eps-converted-to.pdf, id=250, 514.92375pt x 
411.5375pt>
File: Fig_2D_A_20_eps_1e-02_T_20_init_1-eps-converted-to.pdf Graphic file (type
 pdf)
<use Fig_2D_A_20_eps_1e-02_T_20_init_1-eps-converted-to.pdf>
Package pdftex.def Info: Fig_2D_A_20_eps_1e-02_T_20_init_1-eps-converted-to.pdf
  used on input line 1027.
(pdftex.def)             Requested size: 102.98293pt x 82.30603pt.
Package epstopdf Info: Source file: <Fig_2D_A_20_eps_1e-03_T_20_init_1.eps>
(epstopdf)                    date: 2025-03-27 07:44:14
(epstopdf)                    size: 63524 bytes
(epstopdf)             Output file: <Fig_2D_A_20_eps_1e-03_T_20_init_1-eps-conv
erted-to.pdf>
(epstopdf)                    date: 2025-05-13 17:31:30
(epstopdf)                    size: 49440 bytes
(epstopdf)             Command: <repstopdf --outfile=Fig_2D_A_20_eps_1e-03_T_20
_init_1-eps-converted-to.pdf Fig_2D_A_20_eps_1e-03_T_20_init_1.eps>
(epstopdf)             \includegraphics on input line 1027.
Package epstopdf Info: Output file is already uptodate.
<Fig_2D_A_20_eps_1e-03_T_20_init_1-eps-converted-to.pdf, id=251, 514.92375pt x 
411.5375pt>
File: Fig_2D_A_20_eps_1e-03_T_20_init_1-eps-converted-to.pdf Graphic file (type
 pdf)
<use Fig_2D_A_20_eps_1e-03_T_20_init_1-eps-converted-to.pdf>
Package pdftex.def Info: Fig_2D_A_20_eps_1e-03_T_20_init_1-eps-converted-to.pdf
  used on input line 1027.
(pdftex.def)             Requested size: 102.98293pt x 82.30603pt.
Package epstopdf Info: Source file: <sol2D_A_20_T_20_init_1.eps>
(epstopdf)                    date: 2025-03-27 07:44:14
(epstopdf)                    size: 63552 bytes
(epstopdf)             Output file: <sol2D_A_20_T_20_init_1-eps-converted-to.pd
f>
(epstopdf)                    date: 2025-05-13 17:31:30
(epstopdf)                    size: 49803 bytes
(epstopdf)             Command: <repstopdf --outfile=sol2D_A_20_T_20_init_1-eps
-converted-to.pdf sol2D_A_20_T_20_init_1.eps>
(epstopdf)             \includegraphics on input line 1027.
Package epstopdf Info: Output file is already uptodate.
<sol2D_A_20_T_20_init_1-eps-converted-to.pdf, id=252, 562.1pt x 421.575pt>
File: sol2D_A_20_T_20_init_1-eps-converted-to.pdf Graphic file (type pdf)
<use sol2D_A_20_T_20_init_1-eps-converted-to.pdf>
Package pdftex.def Info: sol2D_A_20_T_20_init_1-eps-converted-to.pdf  used on i
nput line 1027.
(pdftex.def)             Requested size: 112.418pt x 84.31349pt.
Package epstopdf Info: Source file: <Fig_2D_A_50_eps_1e-01_T_20_init_1.eps>
(epstopdf)                    date: 2025-03-27 07:44:14
(epstopdf)                    size: 56352 bytes
(epstopdf)             Output file: <Fig_2D_A_50_eps_1e-01_T_20_init_1-eps-conv
erted-to.pdf>
(epstopdf)                    date: 2025-05-13 17:31:30
(epstopdf)                    size: 38633 bytes
(epstopdf)             Command: <repstopdf --outfile=Fig_2D_A_50_eps_1e-01_T_20
_init_1-eps-converted-to.pdf Fig_2D_A_50_eps_1e-01_T_20_init_1.eps>
(epstopdf)             \includegraphics on input line 1034.
Package epstopdf Info: Output file is already uptodate.
<Fig_2D_A_50_eps_1e-01_T_20_init_1-eps-converted-to.pdf, id=253, 514.92375pt x 
411.5375pt>
File: Fig_2D_A_50_eps_1e-01_T_20_init_1-eps-converted-to.pdf Graphic file (type
 pdf)
<use Fig_2D_A_50_eps_1e-01_T_20_init_1-eps-converted-to.pdf>
Package pdftex.def Info: Fig_2D_A_50_eps_1e-01_T_20_init_1-eps-converted-to.pdf
  used on input line 1034.
(pdftex.def)             Requested size: 102.98293pt x 82.30603pt.
Package epstopdf Info: Source file: <Fig_2D_A_50_eps_1e-02_T_20_init_1.eps>
(epstopdf)                    date: 2025-03-27 07:44:14
(epstopdf)                    size: 57480 bytes
(epstopdf)             Output file: <Fig_2D_A_50_eps_1e-02_T_20_init_1-eps-conv
erted-to.pdf>
(epstopdf)                    date: 2025-05-13 17:31:31
(epstopdf)                    size: 39508 bytes
(epstopdf)             Command: <repstopdf --outfile=Fig_2D_A_50_eps_1e-02_T_20
_init_1-eps-converted-to.pdf Fig_2D_A_50_eps_1e-02_T_20_init_1.eps>
(epstopdf)             \includegraphics on input line 1034.
Package epstopdf Info: Output file is already uptodate.
<Fig_2D_A_50_eps_1e-02_T_20_init_1-eps-converted-to.pdf, id=254, 514.92375pt x 
411.5375pt>
File: Fig_2D_A_50_eps_1e-02_T_20_init_1-eps-converted-to.pdf Graphic file (type
 pdf)
<use Fig_2D_A_50_eps_1e-02_T_20_init_1-eps-converted-to.pdf>
Package pdftex.def Info: Fig_2D_A_50_eps_1e-02_T_20_init_1-eps-converted-to.pdf
  used on input line 1034.
(pdftex.def)             Requested size: 102.98293pt x 82.30603pt.
Package epstopdf Info: Source file: <Fig_2D_A_50_eps_1e-03_T_20_init_1.eps>
(epstopdf)                    date: 2025-03-27 07:44:14
(epstopdf)                    size: 58263 bytes
(epstopdf)             Output file: <Fig_2D_A_50_eps_1e-03_T_20_init_1-eps-conv
erted-to.pdf>
(epstopdf)                    date: 2025-05-13 17:31:31
(epstopdf)                    size: 40229 bytes
(epstopdf)             Command: <repstopdf --outfile=Fig_2D_A_50_eps_1e-03_T_20
_init_1-eps-converted-to.pdf Fig_2D_A_50_eps_1e-03_T_20_init_1.eps>
(epstopdf)             \includegraphics on input line 1034.
Package epstopdf Info: Output file is already uptodate.
<Fig_2D_A_50_eps_1e-03_T_20_init_1-eps-converted-to.pdf, id=255, 514.92375pt x 
411.5375pt>
File: Fig_2D_A_50_eps_1e-03_T_20_init_1-eps-converted-to.pdf Graphic file (type
 pdf)
<use Fig_2D_A_50_eps_1e-03_T_20_init_1-eps-converted-to.pdf>
Package pdftex.def Info: Fig_2D_A_50_eps_1e-03_T_20_init_1-eps-converted-to.pdf
  used on input line 1034.
(pdftex.def)             Requested size: 102.98293pt x 82.30603pt.
Package epstopdf Info: Source file: <sol2D_A_50_T_20_init_1.eps>
(epstopdf)                    date: 2025-03-27 07:44:14
(epstopdf)                    size: 58400 bytes
(epstopdf)             Output file: <sol2D_A_50_T_20_init_1-eps-converted-to.pd
f>
(epstopdf)                    date: 2025-05-13 17:31:31
(epstopdf)                    size: 40540 bytes
(epstopdf)             Command: <repstopdf --outfile=sol2D_A_50_T_20_init_1-eps
-converted-to.pdf sol2D_A_50_T_20_init_1.eps>
(epstopdf)             \includegraphics on input line 1034.
Package epstopdf Info: Output file is already uptodate.
<sol2D_A_50_T_20_init_1-eps-converted-to.pdf, id=256, 562.1pt x 421.575pt>
File: sol2D_A_50_T_20_init_1-eps-converted-to.pdf Graphic file (type pdf)
<use sol2D_A_50_T_20_init_1-eps-converted-to.pdf>
Package pdftex.def Info: sol2D_A_50_T_20_init_1-eps-converted-to.pdf  used on i
nput line 1034.
(pdftex.def)             Requested size: 112.418pt x 84.31349pt.
Package epstopdf Info: Source file: <Fig_2D_A_20_eps_1e-01_T_20_init_10.eps>
(epstopdf)                    date: 2025-03-27 07:44:14
(epstopdf)                    size: 59216 bytes
(epstopdf)             Output file: <Fig_2D_A_20_eps_1e-01_T_20_init_10-eps-con
verted-to.pdf>
(epstopdf)                    date: 2025-05-13 17:31:31
(epstopdf)                    size: 44001 bytes
(epstopdf)             Command: <repstopdf --outfile=Fig_2D_A_20_eps_1e-01_T_20
_init_10-eps-converted-to.pdf Fig_2D_A_20_eps_1e-01_T_20_init_10.eps>
(epstopdf)             \includegraphics on input line 1041.
Package epstopdf Info: Output file is already uptodate.
<Fig_2D_A_20_eps_1e-01_T_20_init_10-eps-converted-to.pdf, id=257, 514.92375pt x
 411.5375pt>
File: Fig_2D_A_20_eps_1e-01_T_20_init_10-eps-converted-to.pdf Graphic file (typ
e pdf)
<use Fig_2D_A_20_eps_1e-01_T_20_init_10-eps-converted-to.pdf>
Package pdftex.def Info: Fig_2D_A_20_eps_1e-01_T_20_init_10-eps-converted-to.pd
f  used on input line 1041.
(pdftex.def)             Requested size: 102.98293pt x 82.30603pt.
Package epstopdf Info: Source file: <Fig_2D_A_20_eps_1e-02_T_20_init_10.eps>
(epstopdf)                    date: 2025-03-27 07:44:14
(epstopdf)                    size: 59934 bytes
(epstopdf)             Output file: <Fig_2D_A_20_eps_1e-02_T_20_init_10-eps-con
verted-to.pdf>
(epstopdf)                    date: 2025-05-13 17:31:32
(epstopdf)                    size: 44162 bytes
(epstopdf)             Command: <repstopdf --outfile=Fig_2D_A_20_eps_1e-02_T_20
_init_10-eps-converted-to.pdf Fig_2D_A_20_eps_1e-02_T_20_init_10.eps>
(epstopdf)             \includegraphics on input line 1041.
Package epstopdf Info: Output file is already uptodate.
<Fig_2D_A_20_eps_1e-02_T_20_init_10-eps-converted-to.pdf, id=258, 514.92375pt x
 411.5375pt>
File: Fig_2D_A_20_eps_1e-02_T_20_init_10-eps-converted-to.pdf Graphic file (typ
e pdf)
<use Fig_2D_A_20_eps_1e-02_T_20_init_10-eps-converted-to.pdf>
Package pdftex.def Info: Fig_2D_A_20_eps_1e-02_T_20_init_10-eps-converted-to.pd
f  used on input line 1041.
(pdftex.def)             Requested size: 102.98293pt x 82.30603pt.
Package epstopdf Info: Source file: <Fig_2D_A_20_eps_1e-03_T_20_init_10.eps>
(epstopdf)                    date: 2025-03-27 07:44:14
(epstopdf)                    size: 60811 bytes
(epstopdf)             Output file: <Fig_2D_A_20_eps_1e-03_T_20_init_10-eps-con
verted-to.pdf>
(epstopdf)                    date: 2025-05-13 17:31:32
(epstopdf)                    size: 44532 bytes
(epstopdf)             Command: <repstopdf --outfile=Fig_2D_A_20_eps_1e-03_T_20
_init_10-eps-converted-to.pdf Fig_2D_A_20_eps_1e-03_T_20_init_10.eps>
(epstopdf)             \includegraphics on input line 1041.
Package epstopdf Info: Output file is already uptodate.
<Fig_2D_A_20_eps_1e-03_T_20_init_10-eps-converted-to.pdf, id=259, 514.92375pt x
 411.5375pt>
File: Fig_2D_A_20_eps_1e-03_T_20_init_10-eps-converted-to.pdf Graphic file (typ
e pdf)
<use Fig_2D_A_20_eps_1e-03_T_20_init_10-eps-converted-to.pdf>
Package pdftex.def Info: Fig_2D_A_20_eps_1e-03_T_20_init_10-eps-converted-to.pd
f  used on input line 1041.
(pdftex.def)             Requested size: 102.98293pt x 82.30603pt.
Package epstopdf Info: Source file: <sol2D_A_20_T_20_init_10.eps>
(epstopdf)                    date: 2025-03-27 07:44:14
(epstopdf)                    size: 60831 bytes
(epstopdf)             Output file: <sol2D_A_20_T_20_init_10-eps-converted-to.p
df>
(epstopdf)                    date: 2025-05-13 17:31:32
(epstopdf)                    size: 44923 bytes
(epstopdf)             Command: <repstopdf --outfile=sol2D_A_20_T_20_init_10-ep
s-converted-to.pdf sol2D_A_20_T_20_init_10.eps>
(epstopdf)             \includegraphics on input line 1041.
Package epstopdf Info: Output file is already uptodate.
<sol2D_A_20_T_20_init_10-eps-converted-to.pdf, id=260, 562.1pt x 421.575pt>
File: sol2D_A_20_T_20_init_10-eps-converted-to.pdf Graphic file (type pdf)
<use sol2D_A_20_T_20_init_10-eps-converted-to.pdf>
Package pdftex.def Info: sol2D_A_20_T_20_init_10-eps-converted-to.pdf  used on 
input line 1041.
(pdftex.def)             Requested size: 112.418pt x 84.31349pt.
Package epstopdf Info: Source file: <Fig_2D_A_50_eps_1e-01_T_20_init_10.eps>
(epstopdf)                    date: 2025-03-27 07:44:14
(epstopdf)                    size: 53909 bytes
(epstopdf)             Output file: <Fig_2D_A_50_eps_1e-01_T_20_init_10-eps-con
verted-to.pdf>
(epstopdf)                    date: 2025-05-13 17:31:32
(epstopdf)                    size: 37155 bytes
(epstopdf)             Command: <repstopdf --outfile=Fig_2D_A_50_eps_1e-01_T_20
_init_10-eps-converted-to.pdf Fig_2D_A_50_eps_1e-01_T_20_init_10.eps>
(epstopdf)             \includegraphics on input line 1048.
Package epstopdf Info: Output file is already uptodate.
<Fig_2D_A_50_eps_1e-01_T_20_init_10-eps-converted-to.pdf, id=261, 514.92375pt x
 411.5375pt>
File: Fig_2D_A_50_eps_1e-01_T_20_init_10-eps-converted-to.pdf Graphic file (typ
e pdf)
<use Fig_2D_A_50_eps_1e-01_T_20_init_10-eps-converted-to.pdf>
Package pdftex.def Info: Fig_2D_A_50_eps_1e-01_T_20_init_10-eps-converted-to.pd
f  used on input line 1048.
(pdftex.def)             Requested size: 102.98293pt x 82.30603pt.
Package epstopdf Info: Source file: <Fig_2D_A_50_eps_1e-02_T_20_init_10.eps>
(epstopdf)                    date: 2025-03-27 07:44:14
(epstopdf)                    size: 53447 bytes
(epstopdf)             Output file: <Fig_2D_A_50_eps_1e-02_T_20_init_10-eps-con
verted-to.pdf>
(epstopdf)                    date: 2025-05-13 17:31:32
(epstopdf)                    size: 36459 bytes
(epstopdf)             Command: <repstopdf --outfile=Fig_2D_A_50_eps_1e-02_T_20
_init_10-eps-converted-to.pdf Fig_2D_A_50_eps_1e-02_T_20_init_10.eps>
(epstopdf)             \includegraphics on input line 1048.
Package epstopdf Info: Output file is already uptodate.
<Fig_2D_A_50_eps_1e-02_T_20_init_10-eps-converted-to.pdf, id=262, 514.92375pt x
 411.5375pt>
File: Fig_2D_A_50_eps_1e-02_T_20_init_10-eps-converted-to.pdf Graphic file (typ
e pdf)
<use Fig_2D_A_50_eps_1e-02_T_20_init_10-eps-converted-to.pdf>
Package pdftex.def Info: Fig_2D_A_50_eps_1e-02_T_20_init_10-eps-converted-to.pd
f  used on input line 1048.
(pdftex.def)             Requested size: 102.98293pt x 82.30603pt.
Package epstopdf Info: Source file: <Fig_2D_A_50_eps_1e-03_T_20_init_10.eps>
(epstopdf)                    date: 2025-03-27 07:44:14
(epstopdf)                    size: 54548 bytes
(epstopdf)             Output file: <Fig_2D_A_50_eps_1e-03_T_20_init_10-eps-con
verted-to.pdf>
(epstopdf)                    date: 2025-05-13 17:31:33
(epstopdf)                    size: 36785 bytes
(epstopdf)             Command: <repstopdf --outfile=Fig_2D_A_50_eps_1e-03_T_20
_init_10-eps-converted-to.pdf Fig_2D_A_50_eps_1e-03_T_20_init_10.eps>
(epstopdf)             \includegraphics on input line 1048.
Package epstopdf Info: Output file is already uptodate.
<Fig_2D_A_50_eps_1e-03_T_20_init_10-eps-converted-to.pdf, id=263, 514.92375pt x
 411.5375pt>
File: Fig_2D_A_50_eps_1e-03_T_20_init_10-eps-converted-to.pdf Graphic file (typ
e pdf)
<use Fig_2D_A_50_eps_1e-03_T_20_init_10-eps-converted-to.pdf>
Package pdftex.def Info: Fig_2D_A_50_eps_1e-03_T_20_init_10-eps-converted-to.pd
f  used on input line 1048.
(pdftex.def)             Requested size: 102.98293pt x 82.30603pt.
Package epstopdf Info: Source file: <sol2D_A_50_T_20_init_10.eps>
(epstopdf)                    date: 2025-03-27 07:44:14
(epstopdf)                    size: 54560 bytes
(epstopdf)             Output file: <sol2D_A_50_T_20_init_10-eps-converted-to.p
df>
(epstopdf)                    date: 2025-05-13 17:31:33
(epstopdf)                    size: 37179 bytes
(epstopdf)             Command: <repstopdf --outfile=sol2D_A_50_T_20_init_10-ep
s-converted-to.pdf sol2D_A_50_T_20_init_10.eps>
(epstopdf)             \includegraphics on input line 1048.
Package epstopdf Info: Output file is already uptodate.
<sol2D_A_50_T_20_init_10-eps-converted-to.pdf, id=264, 562.1pt x 421.575pt>
File: sol2D_A_50_T_20_init_10-eps-converted-to.pdf Graphic file (type pdf)
<use sol2D_A_50_T_20_init_10-eps-converted-to.pdf>
Package pdftex.def Info: sol2D_A_50_T_20_init_10-eps-converted-to.pdf  used on 
input line 1048.
(pdftex.def)             Requested size: 112.418pt x 84.31349pt.
Package epstopdf Info: Source file: <l2_relative_error_2D_A_20_T_20.eps>
(epstopdf)                    date: 2025-03-27 07:44:14
(epstopdf)                    size: 150011 bytes
(epstopdf)             Output file: <l2_relative_error_2D_A_20_T_20-eps-convert
ed-to.pdf>
(epstopdf)                    date: 2025-05-13 17:31:33
(epstopdf)                    size: 70704 bytes
(epstopdf)             Command: <repstopdf --outfile=l2_relative_error_2D_A_20_
T_20-eps-converted-to.pdf l2_relative_error_2D_A_20_T_20.eps>
(epstopdf)             \includegraphics on input line 1057.
Package epstopdf Info: Output file is already uptodate.
<l2_relative_error_2D_A_20_T_20-eps-converted-to.pdf, id=265, 562.1pt x 421.575
pt>
File: l2_relative_error_2D_A_20_T_20-eps-converted-to.pdf Graphic file (type pd
f)
<use l2_relative_error_2D_A_20_T_20-eps-converted-to.pdf>
Package pdftex.def Info: l2_relative_error_2D_A_20_T_20-eps-converted-to.pdf  u
sed on input line 1057.
(pdftex.def)             Requested size: 168.6313pt x 126.47346pt.
Package epstopdf Info: Source file: <convergence_vep_2D.eps>
(epstopdf)                    date: 2025-03-27 07:44:12
(epstopdf)                    size: 100044 bytes
(epstopdf)             Output file: <convergence_vep_2D-eps-converted-to.pdf>
(epstopdf)                    date: 2025-05-13 17:31:33
(epstopdf)                    size: 51078 bytes
(epstopdf)             Command: <repstopdf --outfile=convergence_vep_2D-eps-con
verted-to.pdf convergence_vep_2D.eps>
(epstopdf)             \includegraphics on input line 1057.
Package epstopdf Info: Output file is already uptodate.
<convergence_vep_2D-eps-converted-to.pdf, id=266, 562.1pt x 421.575pt>
File: convergence_vep_2D-eps-converted-to.pdf Graphic file (type pdf)
<use convergence_vep_2D-eps-converted-to.pdf>
Package pdftex.def Info: convergence_vep_2D-eps-converted-to.pdf  used on input
 line 1057.
(pdftex.def)             Requested size: 168.6313pt x 126.47346pt.

LaTeX Warning: Citation `LemouMieussens' on page 21 undefined on input line 106
7.

[21 <./sol2D_A_6_T_5-eps-converted-to.pdf> <./sol2D_A_20_T_5-eps-converted-to.p
df> <./sol2D_A_50_T_5-eps-converted-to.pdf> <./sol2D_A_6_T_20-eps-converted-to.
pdf> <./sol2D_A_20_T_20-eps-converted-to.pdf> <./sol2D_A_50_T_20-eps-converted-
to.pdf> <./sol2D_A_6_T_50-eps-converted-to.pdf> <./sol2D_A_20_T_50-eps-converte
d-to.pdf> <./sol2D_A_50_T_50-eps-converted-to.pdf>] [22 <./Fig_2D_A_20_eps_1e-0
1_T_20_init_1-eps-converted-to.pdf> <./Fig_2D_A_20_eps_1e-02_T_20_init_1-eps-co
nverted-to.pdf> <./Fig_2D_A_20_eps_1e-03_T_20_init_1-eps-converted-to.pdf> <./s
ol2D_A_20_T_20_init_1-eps-converted-to.pdf> <./Fig_2D_A_50_eps_1e-01_T_20_init_
1-eps-converted-to.pdf> <./Fig_2D_A_50_eps_1e-02_T_20_init_1-eps-converted-to.p
df> <./Fig_2D_A_50_eps_1e-03_T_20_init_1-eps-converted-to.pdf> <./sol2D_A_50_T_
20_init_1-eps-converted-to.pdf> <./Fig_2D_A_20_eps_1e-01_T_20_init_10-eps-conve
rted-to.pdf> <./Fig_2D_A_20_eps_1e-02_T_20_init_10-eps-converted-to.pdf> <./Fig
_2D_A_20_eps_1e-03_T_20_init_10-eps-converted-to.pdf> <./sol2D_A_20_T_20_init_1
0-eps-converted-to.pdf> <./Fig_2D_A_50_eps_1e-01_T_20_init_10-eps-converted-to.
pdf> <./Fig_2D_A_50_eps_1e-02_T_20_init_10-eps-converted-to.pdf> <./Fig_2D_A_50
_eps_1e-03_T_20_init_10-eps-converted-to.pdf> <./sol2D_A_50_T_20_init_10-eps-co
nverted-to.pdf> <./l2_relative_error_2D_A_20_T_20-eps-converted-to.pdf> <./conv
ergence_vep_2D-eps-converted-to.pdf>]

LaTeX Warning: Citation `stevens2000derivation' on page 23 undefined on input l
ine 1073.


LaTeX Warning: Reference `eq:scheme' on page 23 undefined on input line 1079.


LaTeX Warning: Reference `fig:grid_illstration' on page 23 undefined on input l
ine 1091.

Package epstopdf Info: Source file: <grid_illustration_1D.eps>
(epstopdf)                    date: 2025-03-27 07:44:14
(epstopdf)                    size: 58052 bytes
(epstopdf)             Output file: <grid_illustration_1D-eps-converted-to.pdf>

(epstopdf)                    date: 2025-05-13 17:44:52
(epstopdf)                    size: 23336 bytes
(epstopdf)             Command: <repstopdf --outfile=grid_illustration_1D-eps-c
onverted-to.pdf grid_illustration_1D.eps>
(epstopdf)             \includegraphics on input line 1097.
Package epstopdf Info: Output file is already uptodate.
<grid_illustration_1D-eps-converted-to.pdf, id=435, 562.1pt x 421.575pt>
File: grid_illustration_1D-eps-converted-to.pdf Graphic file (type pdf)
<use grid_illustration_1D-eps-converted-to.pdf>
Package pdftex.def Info: grid_illustration_1D-eps-converted-to.pdf  used on inp
ut line 1097.
(pdftex.def)             Requested size: 168.6313pt x 126.47346pt.
Package epstopdf Info: Source file: <grid_illustration_2D.eps>
(epstopdf)                    date: 2025-03-27 07:44:12
(epstopdf)                    size: 149975 bytes
(epstopdf)             Output file: <grid_illustration_2D-eps-converted-to.pdf>

(epstopdf)                    date: 2025-05-13 17:44:52
(epstopdf)                    size: 54670 bytes
(epstopdf)             Command: <repstopdf --outfile=grid_illustration_2D-eps-c
onverted-to.pdf grid_illustration_2D.eps>
(epstopdf)             \includegraphics on input line 1097.
Package epstopdf Info: Output file is already uptodate.
<grid_illustration_2D-eps-converted-to.pdf, id=436, 562.1pt x 421.575pt>
File: grid_illustration_2D-eps-converted-to.pdf Graphic file (type pdf)
<use grid_illustration_2D-eps-converted-to.pdf>
Package pdftex.def Info: grid_illustration_2D-eps-converted-to.pdf  used on inp
ut line 1097.
(pdftex.def)             Requested size: 168.6313pt x 126.47346pt.

LaTeX Warning: Reference `eq:kinetic_approx' on page 23 undefined on input line
 1102.


Overfull \hbox (56.15863pt too wide) detected at line 1116
[]
 []


Underfull \vbox (badness 10000) has occurred while \output is active []

 [23]
Overfull \hbox (23.43816pt too wide) detected at line 1143
[]
 []

[24 <./grid_illustration_1D-eps-converted-to.pdf> <./grid_illustration_2D-eps-c
onverted-to.pdf>]

LaTeX Warning: Reference `eq:scheme_2D' on page 25 undefined on input line 1158
.


Overfull \hbox (4.99797pt too wide) detected at line 1171
[]
 []


LaTeX Warning: Reference `eq:scheme_2D' on page 25 undefined on input line 1172
.


Overfull \hbox (25.91447pt too wide) detected at line 1186
[]
 []

[25] [26] (./AIMS_VFPKS.aux)

LaTeX Font Warning: Some font shapes were not available, defaults substituted.


LaTeX Warning: There were undefined references.


LaTeX Warning: Label(s) may have changed. Rerun to get cross-references right.


Package rerunfilecheck Warning: File `AIMS_VFPKS.out' has changed.
(rerunfilecheck)                Rerun to get outlines right
(rerunfilecheck)                or use package `bookmark'.

Package rerunfilecheck Info: Checksums for `AIMS_VFPKS.out':
(rerunfilecheck)             Before: <no file>
(rerunfilecheck)             After:  A78811AC5F1D8EB30C410F96F13A077F;3859.
 )
(\end occurred inside a group at level 1)

### simple group (level 1) entered at line 887 ({)
### bottom level 
Here is how much of TeX's memory you used:
 10571 strings out of 476025
 172246 string characters out of 5790017
 1885388 words of memory out of 5000000
 30541 multiletter control sequences out of 15000+600000
 523931 words of font info for 75 fonts, out of 8000000 for 9000
 1308 hyphenation exceptions out of 8191
 72i,17n,76p,2540b,622s stack positions out of 10000i,1000n,20000p,200000b,200000s
 </Users/ruanxinran/Library/texlive/2023/texmf-var/fonts/pk/ljf
our/public/ifsym/ifsym10.420pk></usr/local/texlive/2023/texmf-dist/fonts/type1/
public/amsfonts/cm/cmbx10.pfb></usr/local/texlive/2023/texmf-dist/fonts/type1/p
ublic/amsfonts/cm/cmbx5.pfb></usr/local/texlive/2023/texmf-dist/fonts/type1/pub
lic/amsfonts/cm/cmbx7.pfb></usr/local/texlive/2023/texmf-dist/fonts/type1/publi
c/amsfonts/cm/cmbx8.pfb></usr/local/texlive/2023/texmf-dist/fonts/type1/public/
amsfonts/cm/cmcsc10.pfb></usr/local/texlive/2023/texmf-dist/fonts/type1/public/
amsfonts/cm/cmex10.pfb></usr/local/texlive/2023/texmf-dist/fonts/type1/public/a
msfonts/cm/cmmi10.pfb></usr/local/texlive/2023/texmf-dist/fonts/type1/public/am
sfonts/cm/cmmi5.pfb></usr/local/texlive/2023/texmf-dist/fonts/type1/public/amsf
onts/cm/cmmi7.pfb></usr/local/texlive/2023/texmf-dist/fonts/type1/public/amsfon
ts/cm/cmmib10.pfb></usr/local/texlive/2023/texmf-dist/fonts/type1/public/amsfon
ts/cm/cmr10.pfb></usr/local/texlive/2023/texmf-dist/fonts/type1/public/amsfonts
/cm/cmr5.pfb></usr/local/texlive/2023/texmf-dist/fonts/type1/public/amsfonts/cm
/cmr6.pfb></usr/local/texlive/2023/texmf-dist/fonts/type1/public/amsfonts/cm/cm
r7.pfb></usr/local/texlive/2023/texmf-dist/fonts/type1/public/amsfonts/cm/cmr8.
pfb></usr/local/texlive/2023/texmf-dist/fonts/type1/public/amsfonts/cm/cmsy10.p
fb></usr/local/texlive/2023/texmf-dist/fonts/type1/public/amsfonts/cm/cmsy5.pfb
></usr/local/texlive/2023/texmf-dist/fonts/type1/public/amsfonts/cm/cmsy6.pfb><
/usr/local/texlive/2023/texmf-dist/fonts/type1/public/amsfonts/cm/cmsy7.pfb></u
sr/local/texlive/2023/texmf-dist/fonts/type1/public/amsfonts/cm/cmti10.pfb></us
r/local/texlive/2023/texmf-dist/fonts/type1/public/amsfonts/cm/cmti8.pfb></usr/
local/texlive/2023/texmf-dist/fonts/type1/public/amsfonts/symbols/msbm10.pfb>
Output written on AIMS_VFPKS.pdf (26 pages, 2178900 bytes).
PDF statistics:
 599 PDF objects out of 1000 (max. 8388607)
 395 compressed objects within 4 object streams
 120 named destinations out of 1000 (max. 500000)
 206 words of extra memory for PDF output out of 10000 (max. 10000000)

